<?xml version="1.0"?>
<link_info>
   <banner>TI ARM Linker PC v16.9.4.LTS</banner>
   <copyright>Copyright (c) 1996-2017 Texas Instruments Incorporated</copyright>
   <link_time>0x5a0b0045</link_time>
   <link_errors>0x0</link_errors>
   <output_file>spi_demo.out</output_file>
   <entry_point>
      <name>_c_int00</name>
      <address>0x2000b8d1</address>
   </entry_point>
   <input_file_list>
      <input_file id="fl-2">
         <path>.\</path>
         <kind>object</kind>
         <file>gpio_if.obj</file>
         <name>gpio_if.obj</name>
      </input_file>
      <input_file id="fl-3">
         <path>.\</path>
         <kind>object</kind>
         <file>kiss_fft.obj</file>
         <name>kiss_fft.obj</name>
      </input_file>
      <input_file id="fl-4">
         <path>.\</path>
         <kind>object</kind>
         <file>kiss_fftr.obj</file>
         <name>kiss_fftr.obj</name>
      </input_file>
      <input_file id="fl-5">
         <path>.\</path>
         <kind>object</kind>
         <file>main.obj</file>
         <name>main.obj</name>
      </input_file>
      <input_file id="fl-6">
         <path>.\</path>
         <kind>object</kind>
         <file>pinmux.obj</file>
         <name>pinmux.obj</name>
      </input_file>
      <input_file id="fl-7">
         <path>.\</path>
         <kind>object</kind>
         <file>startup_ccs.obj</file>
         <name>startup_ccs.obj</name>
      </input_file>
      <input_file id="fl-8">
         <path>.\</path>
         <kind>object</kind>
         <file>timer_if.obj</file>
         <name>timer_if.obj</name>
      </input_file>
      <input_file id="fl-9">
         <path>.\</path>
         <kind>object</kind>
         <file>uart_if.obj</file>
         <name>uart_if.obj</name>
      </input_file>
      <input_file id="fl-e">
         <kind>object</kind>
         <file>&lt;internal&gt;</file>
         <name>&lt;internal&gt;</name>
      </input_file>
      <input_file id="fl-c4">
         <path>D:\TI\ti\ccsv7\tools\compiler\ti-cgt-arm_16.9.4.LTS\lib\</path>
         <kind>archive</kind>
         <file>rtsv7M4_T_le_eabi.lib</file>
         <name>boot.obj</name>
      </input_file>
      <input_file id="fl-c5">
         <path>D:\TI\ti\ccsv7\tools\compiler\ti-cgt-arm_16.9.4.LTS\lib\</path>
         <kind>archive</kind>
         <file>rtsv7M4_T_le_eabi.lib</file>
         <name>copy_decompress_lzss.obj</name>
      </input_file>
      <input_file id="fl-c6">
         <path>D:\TI\ti\ccsv7\tools\compiler\ti-cgt-arm_16.9.4.LTS\lib\</path>
         <kind>archive</kind>
         <file>rtsv7M4_T_le_eabi.lib</file>
         <name>copy_decompress_none.obj</name>
      </input_file>
      <input_file id="fl-c7">
         <path>D:\TI\ti\ccsv7\tools\compiler\ti-cgt-arm_16.9.4.LTS\lib\</path>
         <kind>archive</kind>
         <file>rtsv7M4_T_le_eabi.lib</file>
         <name>copy_zero_init.obj</name>
      </input_file>
      <input_file id="fl-c8">
         <path>D:\TI\ti\ccsv7\tools\compiler\ti-cgt-arm_16.9.4.LTS\lib\</path>
         <kind>archive</kind>
         <file>rtsv7M4_T_le_eabi.lib</file>
         <name>defs.obj</name>
      </input_file>
      <input_file id="fl-c9">
         <path>D:\TI\ti\ccsv7\tools\compiler\ti-cgt-arm_16.9.4.LTS\lib\</path>
         <kind>archive</kind>
         <file>rtsv7M4_T_le_eabi.lib</file>
         <name>e_sqrt.obj</name>
      </input_file>
      <input_file id="fl-ca">
         <path>D:\TI\ti\ccsv7\tools\compiler\ti-cgt-arm_16.9.4.LTS\lib\</path>
         <kind>archive</kind>
         <file>rtsv7M4_T_le_eabi.lib</file>
         <name>errno.obj</name>
      </input_file>
      <input_file id="fl-cb">
         <path>D:\TI\ti\ccsv7\tools\compiler\ti-cgt-arm_16.9.4.LTS\lib\</path>
         <kind>archive</kind>
         <file>rtsv7M4_T_le_eabi.lib</file>
         <name>exit.obj</name>
      </input_file>
      <input_file id="fl-cc">
         <path>D:\TI\ti\ccsv7\tools\compiler\ti-cgt-arm_16.9.4.LTS\lib\</path>
         <kind>archive</kind>
         <file>rtsv7M4_T_le_eabi.lib</file>
         <name>fd_add_t2.obj</name>
      </input_file>
      <input_file id="fl-cd">
         <path>D:\TI\ti\ccsv7\tools\compiler\ti-cgt-arm_16.9.4.LTS\lib\</path>
         <kind>archive</kind>
         <file>rtsv7M4_T_le_eabi.lib</file>
         <name>fd_cmp_t2.obj</name>
      </input_file>
      <input_file id="fl-ce">
         <path>D:\TI\ti\ccsv7\tools\compiler\ti-cgt-arm_16.9.4.LTS\lib\</path>
         <kind>archive</kind>
         <file>rtsv7M4_T_le_eabi.lib</file>
         <name>fd_div_t2.obj</name>
      </input_file>
      <input_file id="fl-cf">
         <path>D:\TI\ti\ccsv7\tools\compiler\ti-cgt-arm_16.9.4.LTS\lib\</path>
         <kind>archive</kind>
         <file>rtsv7M4_T_le_eabi.lib</file>
         <name>fd_mul_t2.obj</name>
      </input_file>
      <input_file id="fl-d0">
         <path>D:\TI\ti\ccsv7\tools\compiler\ti-cgt-arm_16.9.4.LTS\lib\</path>
         <kind>archive</kind>
         <file>rtsv7M4_T_le_eabi.lib</file>
         <name>fd_toi_t2.obj</name>
      </input_file>
      <input_file id="fl-d1">
         <path>D:\TI\ti\ccsv7\tools\compiler\ti-cgt-arm_16.9.4.LTS\lib\</path>
         <kind>archive</kind>
         <file>rtsv7M4_T_le_eabi.lib</file>
         <name>fd_tos_t2.obj</name>
      </input_file>
      <input_file id="fl-d2">
         <path>D:\TI\ti\ccsv7\tools\compiler\ti-cgt-arm_16.9.4.LTS\lib\</path>
         <kind>archive</kind>
         <file>rtsv7M4_T_le_eabi.lib</file>
         <name>fprintf.obj</name>
      </input_file>
      <input_file id="fl-d3">
         <path>D:\TI\ti\ccsv7\tools\compiler\ti-cgt-arm_16.9.4.LTS\lib\</path>
         <kind>archive</kind>
         <file>rtsv7M4_T_le_eabi.lib</file>
         <name>fputc.obj</name>
      </input_file>
      <input_file id="fl-d4">
         <path>D:\TI\ti\ccsv7\tools\compiler\ti-cgt-arm_16.9.4.LTS\lib\</path>
         <kind>archive</kind>
         <file>rtsv7M4_T_le_eabi.lib</file>
         <name>fputs.obj</name>
      </input_file>
      <input_file id="fl-d5">
         <path>D:\TI\ti\ccsv7\tools\compiler\ti-cgt-arm_16.9.4.LTS\lib\</path>
         <kind>archive</kind>
         <file>rtsv7M4_T_le_eabi.lib</file>
         <name>fs_add_t2.obj</name>
      </input_file>
      <input_file id="fl-d6">
         <path>D:\TI\ti\ccsv7\tools\compiler\ti-cgt-arm_16.9.4.LTS\lib\</path>
         <kind>archive</kind>
         <file>rtsv7M4_T_le_eabi.lib</file>
         <name>fs_div_t2.obj</name>
      </input_file>
      <input_file id="fl-d7">
         <path>D:\TI\ti\ccsv7\tools\compiler\ti-cgt-arm_16.9.4.LTS\lib\</path>
         <kind>archive</kind>
         <file>rtsv7M4_T_le_eabi.lib</file>
         <name>fs_mul_t2.obj</name>
      </input_file>
      <input_file id="fl-d8">
         <path>D:\TI\ti\ccsv7\tools\compiler\ti-cgt-arm_16.9.4.LTS\lib\</path>
         <kind>archive</kind>
         <file>rtsv7M4_T_le_eabi.lib</file>
         <name>fs_tod_t2.obj</name>
      </input_file>
      <input_file id="fl-d9">
         <path>D:\TI\ti\ccsv7\tools\compiler\ti-cgt-arm_16.9.4.LTS\lib\</path>
         <kind>archive</kind>
         <file>rtsv7M4_T_le_eabi.lib</file>
         <name>fs_toi_t2.obj</name>
      </input_file>
      <input_file id="fl-da">
         <path>D:\TI\ti\ccsv7\tools\compiler\ti-cgt-arm_16.9.4.LTS\lib\</path>
         <kind>archive</kind>
         <file>rtsv7M4_T_le_eabi.lib</file>
         <name>i_tofd_t2.obj</name>
      </input_file>
      <input_file id="fl-db">
         <path>D:\TI\ti\ccsv7\tools\compiler\ti-cgt-arm_16.9.4.LTS\lib\</path>
         <kind>archive</kind>
         <file>rtsv7M4_T_le_eabi.lib</file>
         <name>i_tofs_t2.obj</name>
      </input_file>
      <input_file id="fl-dc">
         <path>D:\TI\ti\ccsv7\tools\compiler\ti-cgt-arm_16.9.4.LTS\lib\</path>
         <kind>archive</kind>
         <file>rtsv7M4_T_le_eabi.lib</file>
         <name>memchr.obj</name>
      </input_file>
      <input_file id="fl-dd">
         <path>D:\TI\ti\ccsv7\tools\compiler\ti-cgt-arm_16.9.4.LTS\lib\</path>
         <kind>archive</kind>
         <file>rtsv7M4_T_le_eabi.lib</file>
         <name>memcpy_t2.obj</name>
      </input_file>
      <input_file id="fl-de">
         <path>D:\TI\ti\ccsv7\tools\compiler\ti-cgt-arm_16.9.4.LTS\lib\</path>
         <kind>archive</kind>
         <file>rtsv7M4_T_le_eabi.lib</file>
         <name>memmov.obj</name>
      </input_file>
      <input_file id="fl-df">
         <path>D:\TI\ti\ccsv7\tools\compiler\ti-cgt-arm_16.9.4.LTS\lib\</path>
         <kind>archive</kind>
         <file>rtsv7M4_T_le_eabi.lib</file>
         <name>memory.obj</name>
      </input_file>
      <input_file id="fl-e0">
         <path>D:\TI\ti\ccsv7\tools\compiler\ti-cgt-arm_16.9.4.LTS\lib\</path>
         <kind>archive</kind>
         <file>rtsv7M4_T_le_eabi.lib</file>
         <name>memset_t2.obj</name>
      </input_file>
      <input_file id="fl-e1">
         <path>D:\TI\ti\ccsv7\tools\compiler\ti-cgt-arm_16.9.4.LTS\lib\</path>
         <kind>archive</kind>
         <file>rtsv7M4_T_le_eabi.lib</file>
         <name>mpu_init.obj</name>
      </input_file>
      <input_file id="fl-e2">
         <path>D:\TI\ti\ccsv7\tools\compiler\ti-cgt-arm_16.9.4.LTS\lib\</path>
         <kind>archive</kind>
         <file>rtsv7M4_T_le_eabi.lib</file>
         <name>pre_init.obj</name>
      </input_file>
      <input_file id="fl-e3">
         <path>D:\TI\ti\ccsv7\tools\compiler\ti-cgt-arm_16.9.4.LTS\lib\</path>
         <kind>archive</kind>
         <file>rtsv7M4_T_le_eabi.lib</file>
         <name>s_cos.obj</name>
      </input_file>
      <input_file id="fl-e4">
         <path>D:\TI\ti\ccsv7\tools\compiler\ti-cgt-arm_16.9.4.LTS\lib\</path>
         <kind>archive</kind>
         <file>rtsv7M4_T_le_eabi.lib</file>
         <name>s_floor.obj</name>
      </input_file>
      <input_file id="fl-e5">
         <path>D:\TI\ti\ccsv7\tools\compiler\ti-cgt-arm_16.9.4.LTS\lib\</path>
         <kind>archive</kind>
         <file>rtsv7M4_T_le_eabi.lib</file>
         <name>s_sin.obj</name>
      </input_file>
      <input_file id="fl-e6">
         <path>D:\TI\ti\ccsv7\tools\compiler\ti-cgt-arm_16.9.4.LTS\lib\</path>
         <kind>archive</kind>
         <file>rtsv7M4_T_le_eabi.lib</file>
         <name>stkdepth_vars.obj</name>
      </input_file>
      <input_file id="fl-e7">
         <path>D:\TI\ti\ccsv7\tools\compiler\ti-cgt-arm_16.9.4.LTS\lib\</path>
         <kind>archive</kind>
         <file>rtsv7M4_T_le_eabi.lib</file>
         <name>strlen.obj</name>
      </input_file>
      <input_file id="fl-e8">
         <path>D:\TI\ti\ccsv7\tools\compiler\ti-cgt-arm_16.9.4.LTS\lib\</path>
         <kind>archive</kind>
         <file>rtsv7M4_T_le_eabi.lib</file>
         <name>u_tofs_t2.obj</name>
      </input_file>
      <input_file id="fl-e9">
         <path>D:\TI\ti\ccsv7\tools\compiler\ti-cgt-arm_16.9.4.LTS\lib\</path>
         <kind>archive</kind>
         <file>rtsv7M4_T_le_eabi.lib</file>
         <name>vsnprintf.obj</name>
      </input_file>
      <input_file id="fl-ea">
         <path>D:\TI\ti\ccsv7\tools\compiler\ti-cgt-arm_16.9.4.LTS\lib\</path>
         <kind>archive</kind>
         <file>rtsv7M4_T_le_eabi.lib</file>
         <name>write.obj</name>
      </input_file>
      <input_file id="fl-eb">
         <path>D:\TI\ti\ccsv7\tools\compiler\ti-cgt-arm_16.9.4.LTS\lib\</path>
         <kind>archive</kind>
         <file>rtsv7M4_T_le_eabi.lib</file>
         <name>_io_perm.obj</name>
      </input_file>
      <input_file id="fl-ec">
         <path>D:\TI\ti\ccsv7\tools\compiler\ti-cgt-arm_16.9.4.LTS\lib\</path>
         <kind>archive</kind>
         <file>rtsv7M4_T_le_eabi.lib</file>
         <name>_lock.obj</name>
      </input_file>
      <input_file id="fl-ed">
         <path>D:\TI\ti\ccsv7\tools\compiler\ti-cgt-arm_16.9.4.LTS\lib\</path>
         <kind>archive</kind>
         <file>rtsv7M4_T_le_eabi.lib</file>
         <name>_printfi.obj</name>
      </input_file>
      <input_file id="fl-ee">
         <path>D:\TI\ti\ccsv7\tools\compiler\ti-cgt-arm_16.9.4.LTS\lib\</path>
         <kind>archive</kind>
         <file>rtsv7M4_T_le_eabi.lib</file>
         <name>args_main.obj</name>
      </input_file>
      <input_file id="fl-ef">
         <path>D:\TI\ti\ccsv7\tools\compiler\ti-cgt-arm_16.9.4.LTS\lib\</path>
         <kind>archive</kind>
         <file>rtsv7M4_T_le_eabi.lib</file>
         <name>atoi.obj</name>
      </input_file>
      <input_file id="fl-f0">
         <path>D:\TI\ti\ccsv7\tools\compiler\ti-cgt-arm_16.9.4.LTS\lib\</path>
         <kind>archive</kind>
         <file>rtsv7M4_T_le_eabi.lib</file>
         <name>autoinit.obj</name>
      </input_file>
      <input_file id="fl-f1">
         <path>D:\TI\ti\ccsv7\tools\compiler\ti-cgt-arm_16.9.4.LTS\lib\</path>
         <kind>archive</kind>
         <file>rtsv7M4_T_le_eabi.lib</file>
         <name>cpy_tbl.obj</name>
      </input_file>
      <input_file id="fl-f2">
         <path>D:\TI\ti\ccsv7\tools\compiler\ti-cgt-arm_16.9.4.LTS\lib\</path>
         <kind>archive</kind>
         <file>rtsv7M4_T_le_eabi.lib</file>
         <name>ctype.obj</name>
      </input_file>
      <input_file id="fl-f3">
         <path>D:\TI\ti\ccsv7\tools\compiler\ti-cgt-arm_16.9.4.LTS\lib\</path>
         <kind>archive</kind>
         <file>rtsv7M4_T_le_eabi.lib</file>
         <name>fflush.obj</name>
      </input_file>
      <input_file id="fl-f4">
         <path>D:\TI\ti\ccsv7\tools\compiler\ti-cgt-arm_16.9.4.LTS\lib\</path>
         <kind>archive</kind>
         <file>rtsv7M4_T_le_eabi.lib</file>
         <name>fseek.obj</name>
      </input_file>
      <input_file id="fl-f5">
         <path>D:\TI\ti\ccsv7\tools\compiler\ti-cgt-arm_16.9.4.LTS\lib\</path>
         <kind>archive</kind>
         <file>rtsv7M4_T_le_eabi.lib</file>
         <name>hostclose.obj</name>
      </input_file>
      <input_file id="fl-f6">
         <path>D:\TI\ti\ccsv7\tools\compiler\ti-cgt-arm_16.9.4.LTS\lib\</path>
         <kind>archive</kind>
         <file>rtsv7M4_T_le_eabi.lib</file>
         <name>hostlseek.obj</name>
      </input_file>
      <input_file id="fl-f7">
         <path>D:\TI\ti\ccsv7\tools\compiler\ti-cgt-arm_16.9.4.LTS\lib\</path>
         <kind>archive</kind>
         <file>rtsv7M4_T_le_eabi.lib</file>
         <name>hostopen.obj</name>
      </input_file>
      <input_file id="fl-f8">
         <path>D:\TI\ti\ccsv7\tools\compiler\ti-cgt-arm_16.9.4.LTS\lib\</path>
         <kind>archive</kind>
         <file>rtsv7M4_T_le_eabi.lib</file>
         <name>hostread.obj</name>
      </input_file>
      <input_file id="fl-f9">
         <path>D:\TI\ti\ccsv7\tools\compiler\ti-cgt-arm_16.9.4.LTS\lib\</path>
         <kind>archive</kind>
         <file>rtsv7M4_T_le_eabi.lib</file>
         <name>hostrename.obj</name>
      </input_file>
      <input_file id="fl-fa">
         <path>D:\TI\ti\ccsv7\tools\compiler\ti-cgt-arm_16.9.4.LTS\lib\</path>
         <kind>archive</kind>
         <file>rtsv7M4_T_le_eabi.lib</file>
         <name>hostunlink.obj</name>
      </input_file>
      <input_file id="fl-fb">
         <path>D:\TI\ti\ccsv7\tools\compiler\ti-cgt-arm_16.9.4.LTS\lib\</path>
         <kind>archive</kind>
         <file>rtsv7M4_T_le_eabi.lib</file>
         <name>hostwrite.obj</name>
      </input_file>
      <input_file id="fl-fc">
         <path>D:\TI\ti\ccsv7\tools\compiler\ti-cgt-arm_16.9.4.LTS\lib\</path>
         <kind>archive</kind>
         <file>rtsv7M4_T_le_eabi.lib</file>
         <name>k_cos.obj</name>
      </input_file>
      <input_file id="fl-fd">
         <path>D:\TI\ti\ccsv7\tools\compiler\ti-cgt-arm_16.9.4.LTS\lib\</path>
         <kind>archive</kind>
         <file>rtsv7M4_T_le_eabi.lib</file>
         <name>k_rem_pio2.obj</name>
      </input_file>
      <input_file id="fl-fe">
         <path>D:\TI\ti\ccsv7\tools\compiler\ti-cgt-arm_16.9.4.LTS\lib\</path>
         <kind>archive</kind>
         <file>rtsv7M4_T_le_eabi.lib</file>
         <name>k_sin.obj</name>
      </input_file>
      <input_file id="fl-ff">
         <path>D:\TI\ti\ccsv7\tools\compiler\ti-cgt-arm_16.9.4.LTS\lib\</path>
         <kind>archive</kind>
         <file>rtsv7M4_T_le_eabi.lib</file>
         <name>lseek.obj</name>
      </input_file>
      <input_file id="fl-100">
         <path>D:\TI\ti\ccsv7\tools\compiler\ti-cgt-arm_16.9.4.LTS\lib\</path>
         <kind>archive</kind>
         <file>rtsv7M4_T_le_eabi.lib</file>
         <name>ltoa.obj</name>
      </input_file>
      <input_file id="fl-101">
         <path>D:\TI\ti\ccsv7\tools\compiler\ti-cgt-arm_16.9.4.LTS\lib\</path>
         <kind>archive</kind>
         <file>rtsv7M4_T_le_eabi.lib</file>
         <name>memccpy.obj</name>
      </input_file>
      <input_file id="fl-102">
         <path>D:\TI\ti\ccsv7\tools\compiler\ti-cgt-arm_16.9.4.LTS\lib\</path>
         <kind>archive</kind>
         <file>rtsv7M4_T_le_eabi.lib</file>
         <name>s_frexp.obj</name>
      </input_file>
      <input_file id="fl-103">
         <path>D:\TI\ti\ccsv7\tools\compiler\ti-cgt-arm_16.9.4.LTS\lib\</path>
         <kind>archive</kind>
         <file>rtsv7M4_T_le_eabi.lib</file>
         <name>s_scalbn.obj</name>
      </input_file>
      <input_file id="fl-104">
         <path>D:\TI\ti\ccsv7\tools\compiler\ti-cgt-arm_16.9.4.LTS\lib\</path>
         <kind>archive</kind>
         <file>rtsv7M4_T_le_eabi.lib</file>
         <name>setvbuf.obj</name>
      </input_file>
      <input_file id="fl-105">
         <path>D:\TI\ti\ccsv7\tools\compiler\ti-cgt-arm_16.9.4.LTS\lib\</path>
         <kind>archive</kind>
         <file>rtsv7M4_T_le_eabi.lib</file>
         <name>startup.obj</name>
      </input_file>
      <input_file id="fl-106">
         <path>D:\TI\ti\ccsv7\tools\compiler\ti-cgt-arm_16.9.4.LTS\lib\</path>
         <kind>archive</kind>
         <file>rtsv7M4_T_le_eabi.lib</file>
         <name>strchr.obj</name>
      </input_file>
      <input_file id="fl-107">
         <path>D:\TI\ti\ccsv7\tools\compiler\ti-cgt-arm_16.9.4.LTS\lib\</path>
         <kind>archive</kind>
         <file>rtsv7M4_T_le_eabi.lib</file>
         <name>strcpy.obj</name>
      </input_file>
      <input_file id="fl-108">
         <path>D:\TI\ti\ccsv7\tools\compiler\ti-cgt-arm_16.9.4.LTS\lib\</path>
         <kind>archive</kind>
         <file>rtsv7M4_T_le_eabi.lib</file>
         <name>trgmsg.obj</name>
      </input_file>
      <input_file id="fl-109">
         <path>D:\TI\ti\ccsv7\tools\compiler\ti-cgt-arm_16.9.4.LTS\lib\</path>
         <kind>archive</kind>
         <file>rtsv7M4_T_le_eabi.lib</file>
         <name>ull_div_t2.obj</name>
      </input_file>
      <input_file id="fl-10a">
         <path>D:\TI\ti\ccsv7\tools\compiler\ti-cgt-arm_16.9.4.LTS\lib\</path>
         <kind>archive</kind>
         <file>rtsv7M4_T_le_eabi.lib</file>
         <name>fopen.obj</name>
      </input_file>
      <input_file id="fl-10b">
         <path>D:\TI\ti\ccsv7\tools\compiler\ti-cgt-arm_16.9.4.LTS\lib\</path>
         <kind>archive</kind>
         <file>rtsv7M4_T_le_eabi.lib</file>
         <name>open.obj</name>
      </input_file>
      <input_file id="fl-10c">
         <path>D:\TI\ti\ccsv7\tools\compiler\ti-cgt-arm_16.9.4.LTS\lib\</path>
         <kind>archive</kind>
         <file>rtsv7M4_T_le_eabi.lib</file>
         <name>s_copysign.obj</name>
      </input_file>
      <input_file id="fl-10d">
         <path>D:\TI\ti\ccsv7\tools\compiler\ti-cgt-arm_16.9.4.LTS\lib\</path>
         <kind>archive</kind>
         <file>rtsv7M4_T_le_eabi.lib</file>
         <name>fclose.obj</name>
      </input_file>
      <input_file id="fl-10e">
         <path>D:\TI\ti\ccsv7\tools\compiler\ti-cgt-arm_16.9.4.LTS\lib\</path>
         <kind>archive</kind>
         <file>rtsv7M4_T_le_eabi.lib</file>
         <name>getdevice.obj</name>
      </input_file>
      <input_file id="fl-10f">
         <path>D:\TI\ti\ccsv7\tools\compiler\ti-cgt-arm_16.9.4.LTS\lib\</path>
         <kind>archive</kind>
         <file>rtsv7M4_T_le_eabi.lib</file>
         <name>remove.obj</name>
      </input_file>
      <input_file id="fl-110">
         <path>D:\TI\ti\ccsv7\tools\compiler\ti-cgt-arm_16.9.4.LTS\lib\</path>
         <kind>archive</kind>
         <file>rtsv7M4_T_le_eabi.lib</file>
         <name>strcmp.obj</name>
      </input_file>
      <input_file id="fl-111">
         <path>D:\TI\ti\ccsv7\tools\compiler\ti-cgt-arm_16.9.4.LTS\lib\</path>
         <kind>archive</kind>
         <file>rtsv7M4_T_le_eabi.lib</file>
         <name>strncpy.obj</name>
      </input_file>
      <input_file id="fl-112">
         <path>D:\TI\ti\ccsv7\tools\compiler\ti-cgt-arm_16.9.4.LTS\lib\</path>
         <kind>archive</kind>
         <file>rtsv7M4_T_le_eabi.lib</file>
         <name>unlink.obj</name>
      </input_file>
      <input_file id="fl-113">
         <path>D:\TI\ti\ccsv7\tools\compiler\ti-cgt-arm_16.9.4.LTS\lib\</path>
         <kind>archive</kind>
         <file>rtsv7M4_T_le_eabi.lib</file>
         <name>close.obj</name>
      </input_file>
      <input_file id="fl-114">
         <path>D:\TI\CC3200SDK_1.3.0\cc3200-sdk\driverlib\ccs\Release\</path>
         <kind>archive</kind>
         <file>driverlib.a</file>
         <name>gpio.obj</name>
      </input_file>
      <input_file id="fl-115">
         <path>D:\TI\CC3200SDK_1.3.0\cc3200-sdk\driverlib\ccs\Release\</path>
         <kind>archive</kind>
         <file>driverlib.a</file>
         <name>interrupt.obj</name>
      </input_file>
      <input_file id="fl-116">
         <path>D:\TI\CC3200SDK_1.3.0\cc3200-sdk\driverlib\ccs\Release\</path>
         <kind>archive</kind>
         <file>driverlib.a</file>
         <name>pin.obj</name>
      </input_file>
      <input_file id="fl-117">
         <path>D:\TI\CC3200SDK_1.3.0\cc3200-sdk\driverlib\ccs\Release\</path>
         <kind>archive</kind>
         <file>driverlib.a</file>
         <name>prcm.obj</name>
      </input_file>
      <input_file id="fl-118">
         <path>D:\TI\CC3200SDK_1.3.0\cc3200-sdk\driverlib\ccs\Release\</path>
         <kind>archive</kind>
         <file>driverlib.a</file>
         <name>spi.obj</name>
      </input_file>
      <input_file id="fl-119">
         <path>D:\TI\CC3200SDK_1.3.0\cc3200-sdk\driverlib\ccs\Release\</path>
         <kind>archive</kind>
         <file>driverlib.a</file>
         <name>timer.obj</name>
      </input_file>
      <input_file id="fl-11a">
         <path>D:\TI\CC3200SDK_1.3.0\cc3200-sdk\driverlib\ccs\Release\</path>
         <kind>archive</kind>
         <file>driverlib.a</file>
         <name>uart.obj</name>
      </input_file>
      <input_file id="fl-11b">
         <path>D:\TI\CC3200SDK_1.3.0\cc3200-sdk\driverlib\ccs\Release\</path>
         <kind>archive</kind>
         <file>driverlib.a</file>
         <name>utils.obj</name>
      </input_file>
      <input_file id="fl-11c">
         <path>D:\TI\CC3200SDK_1.3.0\cc3200-sdk\driverlib\ccs\Release\</path>
         <kind>archive</kind>
         <file>driverlib.a</file>
         <name>cpu.obj</name>
      </input_file>
      <input_file id="fl-11d">
         <path>D:\TI\CC3200SDK_1.3.0\cc3200-sdk\driverlib\ccs\Release\</path>
         <kind>archive</kind>
         <file>driverlib.a</file>
         <name>flash.obj</name>
      </input_file>
   </input_file_list>
   <object_component_list>
      <object_component id="oc-f">
         <name>.intvecs</name>
         <load_address>0x20004000</load_address>
         <run_address>0x20004000</run_address>
         <size>0x400</size>
         <input_file_ref idref="fl-7"/>
      </object_component>
      <object_component id="oc-36a">
         <name>.text</name>
         <load_address>0x20004400</load_address>
         <run_address>0x20004400</run_address>
         <size>0x1122</size>
         <input_file_ref idref="fl-ed"/>
      </object_component>
      <object_component id="oc-409">
         <name>.text:IntDefaultHandler</name>
         <load_address>0x20005522</load_address>
         <run_address>0x20005522</run_address>
         <size>0x2</size>
         <input_file_ref idref="fl-115"/>
      </object_component>
      <object_component id="oc-28d">
         <name>.text</name>
         <load_address>0x20005524</load_address>
         <run_address>0x20005524</run_address>
         <size>0xf28</size>
         <input_file_ref idref="fl-3"/>
      </object_component>
      <object_component id="oc-3ab">
         <name>.text</name>
         <load_address>0x2000644c</load_address>
         <run_address>0x2000644c</run_address>
         <size>0x704</size>
         <input_file_ref idref="fl-fd"/>
      </object_component>
      <object_component id="oc-a8">
         <name>.text</name>
         <load_address>0x20006b50</load_address>
         <run_address>0x20006b50</run_address>
         <size>0x5dc</size>
         <input_file_ref idref="fl-5"/>
      </object_component>
      <object_component id="oc-293">
         <name>.text</name>
         <load_address>0x2000712c</load_address>
         <run_address>0x2000712c</run_address>
         <size>0x5c0</size>
         <input_file_ref idref="fl-e3"/>
      </object_component>
      <object_component id="oc-299">
         <name>.text</name>
         <load_address>0x200076ec</load_address>
         <run_address>0x200076ec</run_address>
         <size>0x5c0</size>
         <input_file_ref idref="fl-e5"/>
      </object_component>
      <object_component id="oc-135">
         <name>.text</name>
         <load_address>0x20007cac</load_address>
         <run_address>0x20007cac</run_address>
         <size>0x530</size>
         <input_file_ref idref="fl-4"/>
      </object_component>
      <object_component id="oc-13b">
         <name>.text</name>
         <load_address>0x200081dc</load_address>
         <run_address>0x200081dc</run_address>
         <size>0x3d0</size>
         <input_file_ref idref="fl-df"/>
      </object_component>
      <object_component id="oc-191">
         <name>.text</name>
         <load_address>0x200085ac</load_address>
         <run_address>0x200085ac</run_address>
         <size>0x398</size>
         <input_file_ref idref="fl-2"/>
      </object_component>
      <object_component id="oc-e4">
         <name>.text</name>
         <load_address>0x20008944</load_address>
         <run_address>0x20008944</run_address>
         <size>0x280</size>
         <input_file_ref idref="fl-9"/>
      </object_component>
      <object_component id="oc-412">
         <name>.text</name>
         <load_address>0x20008bc4</load_address>
         <run_address>0x20008bc4</run_address>
         <size>0x1f4</size>
         <input_file_ref idref="fl-109"/>
      </object_component>
      <object_component id="oc-4f3">
         <name>.text</name>
         <load_address>0x20008db8</load_address>
         <run_address>0x20008db8</run_address>
         <size>0x1c4</size>
         <input_file_ref idref="fl-10a"/>
      </object_component>
      <object_component id="oc-f9">
         <name>.text</name>
         <load_address>0x20008f7c</load_address>
         <run_address>0x20008f7c</run_address>
         <size>0x1b6</size>
         <input_file_ref idref="fl-cc"/>
      </object_component>
      <object_component id="oc-59">
         <name>.text</name>
         <load_address>0x20009132</load_address>
         <run_address>0x20009132</run_address>
         <size>0x2</size>
         <input_file_ref idref="fl-e1"/>
      </object_component>
      <object_component id="oc-d8">
         <name>.text</name>
         <load_address>0x20009134</load_address>
         <run_address>0x20009134</run_address>
         <size>0x198</size>
         <input_file_ref idref="fl-8"/>
      </object_component>
      <object_component id="oc-17f">
         <name>.text:PRCMCC3200MCUInit</name>
         <load_address>0x200092cc</load_address>
         <run_address>0x200092cc</run_address>
         <size>0x178</size>
         <input_file_ref idref="fl-117"/>
      </object_component>
      <object_component id="oc-117">
         <name>.text</name>
         <load_address>0x20009444</load_address>
         <run_address>0x20009444</run_address>
         <size>0x170</size>
         <input_file_ref idref="fl-c9"/>
      </object_component>
      <object_component id="oc-185">
         <name>.text</name>
         <load_address>0x200095b4</load_address>
         <run_address>0x200095b4</run_address>
         <size>0x168</size>
         <input_file_ref idref="fl-6"/>
      </object_component>
      <object_component id="oc-3b1">
         <name>.text</name>
         <load_address>0x2000971c</load_address>
         <run_address>0x2000971c</run_address>
         <size>0x168</size>
         <input_file_ref idref="fl-fe"/>
      </object_component>
      <object_component id="oc-3a0">
         <name>.text</name>
         <load_address>0x20009884</load_address>
         <run_address>0x20009884</run_address>
         <size>0x160</size>
         <input_file_ref idref="fl-fc"/>
      </object_component>
      <object_component id="oc-f4">
         <name>.text</name>
         <load_address>0x200099e4</load_address>
         <run_address>0x200099e4</run_address>
         <size>0x136</size>
         <input_file_ref idref="fl-ce"/>
      </object_component>
      <object_component id="oc-a0">
         <name>.text</name>
         <load_address>0x20009b1a</load_address>
         <run_address>0x20009b1a</run_address>
         <size>0x2</size>
         <input_file_ref idref="fl-105"/>
      </object_component>
      <object_component id="oc-391">
         <name>.text</name>
         <load_address>0x20009b1c</load_address>
         <run_address>0x20009b1c</run_address>
         <size>0x134</size>
         <input_file_ref idref="fl-d4"/>
      </object_component>
      <object_component id="oc-14a">
         <name>.text</name>
         <load_address>0x20009c50</load_address>
         <run_address>0x20009c50</run_address>
         <size>0xfc</size>
         <input_file_ref idref="fl-cf"/>
      </object_component>
      <object_component id="oc-10d">
         <name>.text</name>
         <load_address>0x20009d4c</load_address>
         <run_address>0x20009d4c</run_address>
         <size>0xfa</size>
         <input_file_ref idref="fl-d5"/>
      </object_component>
      <object_component id="oc-399">
         <name>.text</name>
         <load_address>0x20009e48</load_address>
         <run_address>0x20009e48</run_address>
         <size>0xf4</size>
         <input_file_ref idref="fl-e4"/>
      </object_component>
      <object_component id="oc-4b7">
         <name>.text</name>
         <load_address>0x20009f3c</load_address>
         <run_address>0x20009f3c</run_address>
         <size>0xdc</size>
         <input_file_ref idref="fl-104"/>
      </object_component>
      <object_component id="oc-220">
         <name>.text:SPITransfer32</name>
         <load_address>0x2000a018</load_address>
         <run_address>0x2000a018</run_address>
         <size>0xd0</size>
         <input_file_ref idref="fl-118"/>
      </object_component>
      <object_component id="oc-423">
         <name>.text</name>
         <load_address>0x2000a0e8</load_address>
         <run_address>0x2000a0e8</run_address>
         <size>0xd0</size>
         <input_file_ref idref="fl-103"/>
      </object_component>
      <object_component id="oc-21a">
         <name>.text:SPITransfer16</name>
         <load_address>0x2000a1b8</load_address>
         <run_address>0x2000a1b8</run_address>
         <size>0xce</size>
         <input_file_ref idref="fl-118"/>
      </object_component>
      <object_component id="oc-455">
         <name>.text</name>
         <load_address>0x2000a288</load_address>
         <run_address>0x2000a288</run_address>
         <size>0xc8</size>
         <input_file_ref idref="fl-f3"/>
      </object_component>
      <object_component id="oc-51f">
         <name>.text</name>
         <load_address>0x2000a350</load_address>
         <run_address>0x2000a350</run_address>
         <size>0xbc</size>
         <input_file_ref idref="fl-10b"/>
      </object_component>
      <object_component id="oc-214">
         <name>.text:SPITransfer8</name>
         <load_address>0x2000a40c</load_address>
         <run_address>0x2000a40c</run_address>
         <size>0xb8</size>
         <input_file_ref idref="fl-118"/>
      </object_component>
      <object_component id="oc-44f">
         <name>.text</name>
         <load_address>0x2000a4c4</load_address>
         <run_address>0x2000a4c4</run_address>
         <size>0xac</size>
         <input_file_ref idref="fl-eb"/>
      </object_component>
      <object_component id="oc-347">
         <name>.text:IntDisable</name>
         <load_address>0x2000a570</load_address>
         <run_address>0x2000a570</run_address>
         <size>0xa8</size>
         <input_file_ref idref="fl-115"/>
      </object_component>
      <object_component id="oc-179">
         <name>.text:IntEnable</name>
         <load_address>0x2000a618</load_address>
         <run_address>0x2000a618</run_address>
         <size>0xa8</size>
         <input_file_ref idref="fl-115"/>
      </object_component>
      <object_component id="oc-161">
         <name>.text:SPIConfigSetExpClk</name>
         <load_address>0x2000a6c0</load_address>
         <run_address>0x2000a6c0</run_address>
         <size>0xa0</size>
         <input_file_ref idref="fl-118"/>
      </object_component>
      <object_component id="oc-41">
         <name>.text</name>
         <load_address>0x2000a760</load_address>
         <run_address>0x2000a760</run_address>
         <size>0x9c</size>
         <input_file_ref idref="fl-dd"/>
      </object_component>
      <object_component id="oc-525">
         <name>.text</name>
         <load_address>0x2000a7fc</load_address>
         <run_address>0x2000a7fc</run_address>
         <size>0x98</size>
         <input_file_ref idref="fl-10d"/>
      </object_component>
      <object_component id="oc-38b">
         <name>.text</name>
         <load_address>0x2000a894</load_address>
         <run_address>0x2000a894</run_address>
         <size>0x98</size>
         <input_file_ref idref="fl-d3"/>
      </object_component>
      <object_component id="oc-15b">
         <name>.text:PRCMPeripheralClockGet</name>
         <load_address>0x2000a92c</load_address>
         <run_address>0x2000a92c</run_address>
         <size>0x94</size>
         <input_file_ref idref="fl-117"/>
      </object_component>
      <object_component id="oc-103">
         <name>.text</name>
         <load_address>0x2000a9c0</load_address>
         <run_address>0x2000a9c0</run_address>
         <size>0x92</size>
         <input_file_ref idref="fl-d6"/>
      </object_component>
      <object_component id="oc-3de">
         <name>.text:PinConfigSet</name>
         <load_address>0x2000aa54</load_address>
         <run_address>0x2000aa54</run_address>
         <size>0x88</size>
         <input_file_ref idref="fl-116"/>
      </object_component>
      <object_component id="oc-de">
         <name>.text:SPITransfer</name>
         <load_address>0x2000aadc</load_address>
         <run_address>0x2000aadc</run_address>
         <size>0x88</size>
         <input_file_ref idref="fl-118"/>
      </object_component>
      <object_component id="oc-234">
         <name>.text</name>
         <load_address>0x2000ab64</load_address>
         <run_address>0x2000ab64</run_address>
         <size>0x88</size>
         <input_file_ref idref="fl-e9"/>
      </object_component>
      <object_component id="oc-3a6">
         <name>.text:__aeabi_cdcmple</name>
         <load_address>0x2000abec</load_address>
         <run_address>0x2000abec</run_address>
         <size>0x86</size>
         <input_file_ref idref="fl-cd"/>
      </object_component>
      <object_component id="oc-11d">
         <name>.text:__aeabi_cdrcmple</name>
         <load_address>0x2000ac72</load_address>
         <run_address>0x2000ac72</run_address>
         <size>0x86</size>
         <input_file_ref idref="fl-cd"/>
      </object_component>
      <object_component id="oc-303">
         <name>.text:GPIOIntTypeSet</name>
         <load_address>0x2000acf8</load_address>
         <run_address>0x2000acf8</run_address>
         <size>0x82</size>
         <input_file_ref idref="fl-114"/>
      </object_component>
      <object_component id="oc-108">
         <name>.text</name>
         <load_address>0x2000ad7a</load_address>
         <run_address>0x2000ad7a</run_address>
         <size>0x7a</size>
         <input_file_ref idref="fl-d7"/>
      </object_component>
      <object_component id="oc-4d">
         <name>.text</name>
         <load_address>0x2000adf4</load_address>
         <run_address>0x2000adf4</run_address>
         <size>0x7a</size>
         <input_file_ref idref="fl-e0"/>
      </object_component>
      <object_component id="oc-228">
         <name>.text:UARTConfigSetExpClk</name>
         <load_address>0x2000ae6e</load_address>
         <run_address>0x2000ae6e</run_address>
         <size>0x76</size>
         <input_file_ref idref="fl-11a"/>
      </object_component>
      <object_component id="oc-1d6">
         <name>.text:TimerIntRegister</name>
         <load_address>0x2000aee4</load_address>
         <run_address>0x2000aee4</run_address>
         <size>0x70</size>
         <input_file_ref idref="fl-119"/>
      </object_component>
      <object_component id="oc-65">
         <name>.text</name>
         <load_address>0x2000af54</load_address>
         <run_address>0x2000af54</run_address>
         <size>0x70</size>
         <input_file_ref idref="fl-f0"/>
      </object_component>
      <object_component id="oc-55e">
         <name>.text</name>
         <load_address>0x2000afc4</load_address>
         <run_address>0x2000afc4</run_address>
         <size>0x70</size>
         <input_file_ref idref="fl-10e"/>
      </object_component>
      <object_component id="oc-fe">
         <name>.text</name>
         <load_address>0x2000b034</load_address>
         <run_address>0x2000b034</run_address>
         <size>0x6e</size>
         <input_file_ref idref="fl-d1"/>
      </object_component>
      <object_component id="oc-287">
         <name>.text</name>
         <load_address>0x2000b0a4</load_address>
         <run_address>0x2000b0a4</run_address>
         <size>0x6c</size>
         <input_file_ref idref="fl-d2"/>
      </object_component>
      <object_component id="oc-554">
         <name>.text</name>
         <load_address>0x2000b110</load_address>
         <run_address>0x2000b110</run_address>
         <size>0x6c</size>
         <input_file_ref idref="fl-f9"/>
      </object_component>
      <object_component id="oc-206">
         <name>.text:TimerIntUnregister</name>
         <load_address>0x2000b17c</load_address>
         <run_address>0x2000b17c</run_address>
         <size>0x68</size>
         <input_file_ref idref="fl-119"/>
      </object_component>
      <object_component id="oc-12">
         <name>.text:decompress:lzss</name>
         <load_address>0x2000b1e4</load_address>
         <run_address>0x2000b1e4</run_address>
         <size>0x68</size>
         <input_file_ref idref="fl-c5"/>
      </object_component>
      <object_component id="oc-548">
         <name>.text</name>
         <load_address>0x2000b24c</load_address>
         <run_address>0x2000b24c</run_address>
         <size>0x68</size>
         <input_file_ref idref="fl-f6"/>
      </object_component>
      <object_component id="oc-578">
         <name>.text</name>
         <load_address>0x2000b2b4</load_address>
         <run_address>0x2000b2b4</run_address>
         <size>0x68</size>
         <input_file_ref idref="fl-108"/>
      </object_component>
      <object_component id="oc-4b1">
         <name>.text</name>
         <load_address>0x2000b31c</load_address>
         <run_address>0x2000b31c</run_address>
         <size>0x64</size>
         <input_file_ref idref="fl-f4"/>
      </object_component>
      <object_component id="oc-530">
         <name>.text</name>
         <load_address>0x2000b380</load_address>
         <run_address>0x2000b380</run_address>
         <size>0x60</size>
         <input_file_ref idref="fl-f7"/>
      </object_component>
      <object_component id="oc-567">
         <name>.text</name>
         <load_address>0x2000b3e0</load_address>
         <run_address>0x2000b3e0</run_address>
         <size>0x5c</size>
         <input_file_ref idref="fl-113"/>
      </object_component>
      <object_component id="oc-41d">
         <name>.text</name>
         <load_address>0x2000b43c</load_address>
         <run_address>0x2000b43c</run_address>
         <size>0x5c</size>
         <input_file_ref idref="fl-102"/>
      </object_component>
      <object_component id="oc-197">
         <name>.text:PRCMPeripheralReset</name>
         <load_address>0x2000b498</load_address>
         <run_address>0x2000b498</run_address>
         <size>0x58</size>
         <input_file_ref idref="fl-117"/>
      </object_component>
      <object_component id="oc-53c">
         <name>.text</name>
         <load_address>0x2000b4f0</load_address>
         <run_address>0x2000b4f0</run_address>
         <size>0x58</size>
         <input_file_ref idref="fl-f8"/>
      </object_component>
      <object_component id="oc-542">
         <name>.text</name>
         <load_address>0x2000b548</load_address>
         <run_address>0x2000b548</run_address>
         <size>0x58</size>
         <input_file_ref idref="fl-fb"/>
      </object_component>
      <object_component id="oc-1d0">
         <name>.text:IntPrioritySet</name>
         <load_address>0x2000b5a0</load_address>
         <run_address>0x2000b5a0</run_address>
         <size>0x54</size>
         <input_file_ref idref="fl-115"/>
      </object_component>
      <object_component id="oc-71">
         <name>.text</name>
         <load_address>0x2000b5f4</load_address>
         <run_address>0x2000b5f4</run_address>
         <size>0x54</size>
         <input_file_ref idref="fl-cb"/>
      </object_component>
      <object_component id="oc-417">
         <name>.text</name>
         <load_address>0x2000b648</load_address>
         <run_address>0x2000b648</run_address>
         <size>0x54</size>
         <input_file_ref idref="fl-100"/>
      </object_component>
      <object_component id="oc-42f">
         <name>.text</name>
         <load_address>0x2000b69c</load_address>
         <run_address>0x2000b69c</run_address>
         <size>0x4c</size>
         <input_file_ref idref="fl-ef"/>
      </object_component>
      <object_component id="oc-9a">
         <name>.text</name>
         <load_address>0x2000b6e8</load_address>
         <run_address>0x2000b6e8</run_address>
         <size>0x4c</size>
         <input_file_ref idref="fl-f1"/>
      </object_component>
      <object_component id="oc-3eb">
         <name>.text:GPIOGetIntNumber</name>
         <load_address>0x2000b734</load_address>
         <run_address>0x2000b734</run_address>
         <size>0x48</size>
         <input_file_ref idref="fl-114"/>
      </object_component>
      <object_component id="oc-14f">
         <name>.text</name>
         <load_address>0x2000b77c</load_address>
         <run_address>0x2000b77c</run_address>
         <size>0x48</size>
         <input_file_ref idref="fl-d0"/>
      </object_component>
      <object_component id="oc-1c4">
         <name>.text:TimerConfigure</name>
         <load_address>0x2000b7c4</load_address>
         <run_address>0x2000b7c4</run_address>
         <size>0x44</size>
         <input_file_ref idref="fl-119"/>
      </object_component>
      <object_component id="oc-536">
         <name>.text</name>
         <load_address>0x2000b808</load_address>
         <run_address>0x2000b808</run_address>
         <size>0x44</size>
         <input_file_ref idref="fl-f5"/>
      </object_component>
      <object_component id="oc-54e">
         <name>.text</name>
         <load_address>0x2000b84c</load_address>
         <run_address>0x2000b84c</run_address>
         <size>0x44</size>
         <input_file_ref idref="fl-fa"/>
      </object_component>
      <object_component id="oc-2e0">
         <name>.text:PinModeSet</name>
         <load_address>0x2000b890</load_address>
         <run_address>0x2000b890</run_address>
         <size>0x40</size>
         <input_file_ref idref="fl-116"/>
      </object_component>
      <object_component id="oc-24">
         <name>.text</name>
         <load_address>0x2000b8d0</load_address>
         <run_address>0x2000b8d0</run_address>
         <size>0x40</size>
         <input_file_ref idref="fl-c4"/>
      </object_component>
      <object_component id="oc-18b">
         <name>.text:PRCMPeripheralClkEnable</name>
         <load_address>0x2000b910</load_address>
         <run_address>0x2000b910</run_address>
         <size>0x3c</size>
         <input_file_ref idref="fl-117"/>
      </object_component>
      <object_component id="oc-112">
         <name>.text</name>
         <load_address>0x2000b94c</load_address>
         <run_address>0x2000b94c</run_address>
         <size>0x38</size>
         <input_file_ref idref="fl-d8"/>
      </object_component>
      <object_component id="oc-127">
         <name>.text</name>
         <load_address>0x2000b984</load_address>
         <run_address>0x2000b984</run_address>
         <size>0x38</size>
         <input_file_ref idref="fl-d9"/>
      </object_component>
      <object_component id="oc-122">
         <name>.text</name>
         <load_address>0x2000b9bc</load_address>
         <run_address>0x2000b9bc</run_address>
         <size>0x38</size>
         <input_file_ref idref="fl-db"/>
      </object_component>
      <object_component id="oc-2ec">
         <name>.text:GPIODirModeSet</name>
         <load_address>0x2000b9f4</load_address>
         <run_address>0x2000b9f4</run_address>
         <size>0x36</size>
         <input_file_ref idref="fl-114"/>
      </object_component>
      <object_component id="oc-59a">
         <name>.text</name>
         <load_address>0x2000ba2a</load_address>
         <run_address>0x2000ba2a</run_address>
         <size>0x36</size>
         <input_file_ref idref="fl-111"/>
      </object_component>
      <object_component id="oc-2e6">
         <name>.text:PinTypeGPIO</name>
         <load_address>0x2000ba60</load_address>
         <run_address>0x2000ba60</run_address>
         <size>0x30</size>
         <input_file_ref idref="fl-116"/>
      </object_component>
      <object_component id="oc-35c">
         <name>.text:UARTDisable</name>
         <load_address>0x2000ba90</load_address>
         <run_address>0x2000ba90</run_address>
         <size>0x30</size>
         <input_file_ref idref="fl-11a"/>
      </object_component>
      <object_component id="oc-ef">
         <name>.text</name>
         <load_address>0x2000bac0</load_address>
         <run_address>0x2000bac0</run_address>
         <size>0x2e</size>
         <input_file_ref idref="fl-da"/>
      </object_component>
      <object_component id="oc-2c7">
         <name>.text:PRCMSysResetCauseGet</name>
         <load_address>0x2000baf0</load_address>
         <run_address>0x2000baf0</run_address>
         <size>0x2c</size>
         <input_file_ref idref="fl-117"/>
      </object_component>
      <object_component id="oc-56d">
         <name>.text</name>
         <load_address>0x2000bb1c</load_address>
         <run_address>0x2000bb1c</run_address>
         <size>0x2c</size>
         <input_file_ref idref="fl-112"/>
      </object_component>
      <object_component id="oc-1ee">
         <name>.text:TimerLoadSet</name>
         <load_address>0x2000bb48</load_address>
         <run_address>0x2000bb48</run_address>
         <size>0x2a</size>
         <input_file_ref idref="fl-119"/>
      </object_component>
      <object_component id="oc-1ca">
         <name>.text:TimerPrescaleSet</name>
         <load_address>0x2000bb72</load_address>
         <run_address>0x2000bb72</run_address>
         <size>0x2a</size>
         <input_file_ref idref="fl-119"/>
      </object_component>
      <object_component id="oc-2d9">
         <name>.text:PRCMPeripheralClkDisable</name>
         <load_address>0x2000bb9c</load_address>
         <run_address>0x2000bb9c</run_address>
         <size>0x28</size>
         <input_file_ref idref="fl-117"/>
      </object_component>
      <object_component id="oc-4eb">
         <name>.text</name>
         <load_address>0x2000bbc4</load_address>
         <run_address>0x2000bbc4</run_address>
         <size>0x28</size>
         <input_file_ref idref="fl-ff"/>
      </object_component>
      <object_component id="oc-45b">
         <name>.text</name>
         <load_address>0x2000bbec</load_address>
         <run_address>0x2000bbec</run_address>
         <size>0x28</size>
         <input_file_ref idref="fl-ea"/>
      </object_component>
      <object_component id="oc-34d">
         <name>.text:IntUnregister</name>
         <load_address>0x2000bc14</load_address>
         <run_address>0x2000bc14</run_address>
         <size>0x24</size>
         <input_file_ref idref="fl-115"/>
      </object_component>
      <object_component id="oc-362">
         <name>.text:UARTEnable</name>
         <load_address>0x2000bc38</load_address>
         <run_address>0x2000bc38</run_address>
         <size>0x24</size>
         <input_file_ref idref="fl-11a"/>
      </object_component>
      <object_component id="oc-24c">
         <name>.text</name>
         <load_address>0x2000bc5c</load_address>
         <run_address>0x2000bc5c</run_address>
         <size>0x24</size>
         <input_file_ref idref="fl-de"/>
      </object_component>
      <object_component id="oc-ea">
         <name>.text</name>
         <load_address>0x2000bc80</load_address>
         <run_address>0x2000bc80</run_address>
         <size>0x24</size>
         <input_file_ref idref="fl-e8"/>
      </object_component>
      <object_component id="oc-155">
         <name>.text:SPIReset</name>
         <load_address>0x2000bca4</load_address>
         <run_address>0x2000bca4</run_address>
         <size>0x22</size>
         <input_file_ref idref="fl-118"/>
      </object_component>
      <object_component id="oc-144">
         <name>.text:GPIOPinWrite</name>
         <load_address>0x2000bcc6</load_address>
         <run_address>0x2000bcc6</run_address>
         <size>0x20</size>
         <input_file_ref idref="fl-114"/>
      </object_component>
      <object_component id="oc-338">
         <name>.text:IntRegister</name>
         <load_address>0x2000bce8</load_address>
         <run_address>0x2000bce8</run_address>
         <size>0x20</size>
         <input_file_ref idref="fl-115"/>
      </object_component>
      <object_component id="oc-463">
         <name>.text</name>
         <load_address>0x2000bd08</load_address>
         <run_address>0x2000bd08</run_address>
         <size>0x20</size>
         <input_file_ref idref="fl-dc"/>
      </object_component>
      <object_component id="oc-309">
         <name>.text:GPIOIntRegister</name>
         <load_address>0x2000bd28</load_address>
         <run_address>0x2000bd28</run_address>
         <size>0x1e</size>
         <input_file_ref idref="fl-114"/>
      </object_component>
      <object_component id="oc-1fa">
         <name>.text:TimerDisable</name>
         <load_address>0x2000bd46</load_address>
         <run_address>0x2000bd46</run_address>
         <size>0x1e</size>
         <input_file_ref idref="fl-119"/>
      </object_component>
      <object_component id="oc-1f4">
         <name>.text:TimerEnable</name>
         <load_address>0x2000bd64</load_address>
         <run_address>0x2000bd64</run_address>
         <size>0x1e</size>
         <input_file_ref idref="fl-119"/>
      </object_component>
      <object_component id="oc-1e2">
         <name>.text:TimerIntStatus</name>
         <load_address>0x2000bd82</load_address>
         <run_address>0x2000bd82</run_address>
         <size>0x1e</size>
         <input_file_ref idref="fl-119"/>
      </object_component>
      <object_component id="oc-22e">
         <name>.text:UARTCharPut</name>
         <load_address>0x2000bda0</load_address>
         <run_address>0x2000bda0</run_address>
         <size>0x1e</size>
         <input_file_ref idref="fl-11a"/>
      </object_component>
      <object_component id="oc-20c">
         <name>.text:TimerValueGet</name>
         <load_address>0x2000bdbe</load_address>
         <run_address>0x2000bdbe</run_address>
         <size>0x1c</size>
         <input_file_ref idref="fl-119"/>
      </object_component>
      <object_component id="oc-240">
         <name>.text:UARTCharGetNonBlocking</name>
         <load_address>0x2000bdda</load_address>
         <run_address>0x2000bdda</run_address>
         <size>0x1c</size>
         <input_file_ref idref="fl-11a"/>
      </object_component>
      <object_component id="oc-435">
         <name>.text</name>
         <load_address>0x2000bdf6</load_address>
         <run_address>0x2000bdf6</run_address>
         <size>0x1c</size>
         <input_file_ref idref="fl-101"/>
      </object_component>
      <object_component id="oc-315">
         <name>.text:GPIOIntEnable</name>
         <load_address>0x2000be12</load_address>
         <run_address>0x2000be12</run_address>
         <size>0x1a</size>
         <input_file_ref idref="fl-114"/>
      </object_component>
      <object_component id="oc-2f8">
         <name>.text:PinTypeSPI</name>
         <load_address>0x2000be2c</load_address>
         <run_address>0x2000be2c</run_address>
         <size>0x1a</size>
         <input_file_ref idref="fl-116"/>
      </object_component>
      <object_component id="oc-2f2">
         <name>.text:PinTypeUART</name>
         <load_address>0x2000be46</load_address>
         <run_address>0x2000be46</run_address>
         <size>0x1a</size>
         <input_file_ref idref="fl-116"/>
      </object_component>
      <object_component id="oc-321">
         <name>.text:GPIOPinRead</name>
         <load_address>0x2000be60</load_address>
         <run_address>0x2000be60</run_address>
         <size>0x18</size>
         <input_file_ref idref="fl-114"/>
      </object_component>
      <object_component id="oc-167">
         <name>.text:SPIEnable</name>
         <load_address>0x2000be78</load_address>
         <run_address>0x2000be78</run_address>
         <size>0x18</size>
         <input_file_ref idref="fl-118"/>
      </object_component>
      <object_component id="oc-200">
         <name>.text:TimerIntDisable</name>
         <load_address>0x2000be90</load_address>
         <run_address>0x2000be90</run_address>
         <size>0x18</size>
         <input_file_ref idref="fl-119"/>
      </object_component>
      <object_component id="oc-1dc">
         <name>.text:TimerIntEnable</name>
         <load_address>0x2000bea8</load_address>
         <run_address>0x2000bea8</run_address>
         <size>0x18</size>
         <input_file_ref idref="fl-119"/>
      </object_component>
      <object_component id="oc-23a">
         <name>.text:UARTCharsAvail</name>
         <load_address>0x2000bec0</load_address>
         <run_address>0x2000bec0</run_address>
         <size>0x18</size>
         <input_file_ref idref="fl-11a"/>
      </object_component>
      <object_component id="oc-6b">
         <name>.text</name>
         <load_address>0x2000bed8</load_address>
         <run_address>0x2000bed8</run_address>
         <size>0x18</size>
         <input_file_ref idref="fl-ee"/>
      </object_component>
      <object_component id="oc-594">
         <name>.text</name>
         <load_address>0x2000bef0</load_address>
         <run_address>0x2000bef0</run_address>
         <size>0x18</size>
         <input_file_ref idref="fl-110"/>
      </object_component>
      <object_component id="oc-2cd">
         <name>.text:PRCMHIBRegRead</name>
         <load_address>0x2000bf08</load_address>
         <run_address>0x2000bf08</run_address>
         <size>0x16</size>
         <input_file_ref idref="fl-117"/>
      </object_component>
      <object_component id="oc-2d3">
         <name>.text:PRCMHIBRegWrite</name>
         <load_address>0x2000bf1e</load_address>
         <run_address>0x2000bf1e</run_address>
         <size>0x16</size>
         <input_file_ref idref="fl-117"/>
      </object_component>
      <object_component id="oc-429">
         <name>.text</name>
         <load_address>0x2000bf34</load_address>
         <run_address>0x2000bf34</run_address>
         <size>0x16</size>
         <input_file_ref idref="fl-106"/>
      </object_component>
      <object_component id="oc-2bc">
         <name>.text:CPUcpsie</name>
         <load_address>0x2000bf4a</load_address>
         <run_address>0x2000bf4a</run_address>
         <size>0x14</size>
         <input_file_ref idref="fl-11c"/>
      </object_component>
      <object_component id="oc-30f">
         <name>.text:GPIOIntClear</name>
         <load_address>0x2000bf5e</load_address>
         <run_address>0x2000bf5e</run_address>
         <size>0x14</size>
         <input_file_ref idref="fl-114"/>
      </object_component>
      <object_component id="oc-16d">
         <name>.text:IntVTableBaseSet</name>
         <load_address>0x2000bf74</load_address>
         <run_address>0x2000bf74</run_address>
         <size>0x14</size>
         <input_file_ref idref="fl-115"/>
      </object_component>
      <object_component id="oc-1ac">
         <name>.text</name>
         <load_address>0x2000bf88</load_address>
         <run_address>0x2000bf88</run_address>
         <size>0x14</size>
         <input_file_ref idref="fl-ec"/>
      </object_component>
      <object_component id="oc-58c">
         <name>.text</name>
         <load_address>0x2000bf9c</load_address>
         <run_address>0x2000bf9c</run_address>
         <size>0x14</size>
         <input_file_ref idref="fl-107"/>
      </object_component>
      <object_component id="oc-246">
         <name>.text</name>
         <load_address>0x2000bfb0</load_address>
         <run_address>0x2000bfb0</run_address>
         <size>0x14</size>
         <input_file_ref idref="fl-e7"/>
      </object_component>
      <object_component id="oc-1e8">
         <name>.text:TimerIntClear</name>
         <load_address>0x2000bfc4</load_address>
         <run_address>0x2000bfc4</run_address>
         <size>0x12</size>
         <input_file_ref idref="fl-119"/>
      </object_component>
      <object_component id="oc-18">
         <name>.text:decompress:none</name>
         <load_address>0x2000bfd6</load_address>
         <run_address>0x2000bfd6</run_address>
         <size>0xe</size>
         <input_file_ref idref="fl-c6"/>
      </object_component>
      <object_component id="oc-2d">
         <name>.text</name>
         <load_address>0x2000bfe4</load_address>
         <run_address>0x2000bfe4</run_address>
         <size>0xe</size>
         <input_file_ref idref="fl-7"/>
      </object_component>
      <object_component id="oc-1e">
         <name>.text:decompress:ZI</name>
         <load_address>0x2000bff2</load_address>
         <run_address>0x2000bff2</run_address>
         <size>0xc</size>
         <input_file_ref idref="fl-c7"/>
      </object_component>
      <object_component id="oc-173">
         <name>.text:IntMasterEnable</name>
         <load_address>0x2000bffe</load_address>
         <run_address>0x2000bffe</run_address>
         <size>0xa</size>
         <input_file_ref idref="fl-115"/>
      </object_component>
      <object_component id="oc-499">
         <name>.text</name>
         <load_address>0x2000c008</load_address>
         <run_address>0x2000c008</run_address>
         <size>0x8</size>
         <input_file_ref idref="fl-10c"/>
      </object_component>
      <object_component id="oc-154">
         <name>.text:UtilsDelay</name>
         <load_address>0x2000c010</load_address>
         <run_address>0x2000c010</run_address>
         <size>0x6</size>
         <input_file_ref idref="fl-11b"/>
      </object_component>
      <object_component id="oc-5f">
         <name>.text</name>
         <load_address>0x2000c016</load_address>
         <run_address>0x2000c016</run_address>
         <size>0x4</size>
         <input_file_ref idref="fl-e2"/>
      </object_component>
      <object_component id="oc-477">
         <name>.const:$O1$$</name>
         <load_address>0x2000c020</load_address>
         <run_address>0x2000c020</run_address>
         <size>0x158</size>
         <input_file_ref idref="fl-fd"/>
      </object_component>
      <object_component id="oc-4a3">
         <name>.const:.string:_ctypes_</name>
         <load_address>0x2000c178</load_address>
         <run_address>0x2000c178</run_address>
         <size>0x101</size>
         <input_file_ref idref="fl-f2"/>
      </object_component>
      <object_component id="oc-3da">
         <name>.const:g_ulPinToPadMap</name>
         <load_address>0x2000c27c</load_address>
         <run_address>0x2000c27c</run_address>
         <size>0x100</size>
         <input_file_ref idref="fl-116"/>
      </object_component>
      <object_component id="oc-334">
         <name>.const:g_pulRegs</name>
         <load_address>0x2000c37c</load_address>
         <run_address>0x2000c37c</run_address>
         <size>0xd4</size>
         <input_file_ref idref="fl-115"/>
      </object_component>
      <object_component id="oc-2ff">
         <name>.const:PRCM_PeriphRegsList</name>
         <load_address>0x2000c450</load_address>
         <run_address>0x2000c450</run_address>
         <size>0xa8</size>
         <input_file_ref idref="fl-117"/>
      </object_component>
      <object_component id="oc-2c3">
         <name>.const</name>
         <load_address>0x2000c4f8</load_address>
         <run_address>0x2000c4f8</run_address>
         <size>0x80</size>
         <input_file_ref idref="fl-115"/>
      </object_component>
      <object_component id="oc-5f9">
         <name>.cinit..data.load</name>
         <load_address>0x2000c578</load_address>
         <run_address>0x2000c578</run_address>
         <size>0x89</size>
      </object_component>
      <object_component id="oc-5f7">
         <name>__TI_handler_table</name>
         <load_address>0x2000c604</load_address>
         <run_address>0x2000c604</run_address>
         <size>0xc</size>
      </object_component>
      <object_component id="oc-5fa">
         <name>.cinit..bss.load</name>
         <load_address>0x2000c610</load_address>
         <run_address>0x2000c610</run_address>
         <size>0x8</size>
      </object_component>
      <object_component id="oc-5f8">
         <name>__TI_cinit_table</name>
         <load_address>0x2000c618</load_address>
         <run_address>0x2000c618</run_address>
         <size>0x10</size>
      </object_component>
      <object_component id="oc-329">
         <name>.data:ulReg</name>
         <load_address>0x20020390</load_address>
         <run_address>0x20020390</run_address>
         <size>0x14</size>
         <input_file_ref idref="fl-2"/>
      </object_component>
      <object_component id="oc-31b">
         <name>.data</name>
         <load_address>0x200203cc</load_address>
         <run_address>0x200203cc</run_address>
         <size>0xc</size>
         <input_file_ref idref="fl-2"/>
      </object_component>
      <object_component id="oc-132">
         <name>.data</name>
         <load_address>0x200203f0</load_address>
         <run_address>0x200203f0</run_address>
         <size>0x3</size>
         <input_file_ref idref="fl-5"/>
      </object_component>
      <object_component id="oc-29f">
         <name>.data:_ftable</name>
         <load_address>0x200201d8</load_address>
         <run_address>0x200201d8</run_address>
         <size>0xf0</size>
         <input_file_ref idref="fl-c8"/>
      </object_component>
      <object_component id="oc-4bf">
         <name>.data</name>
         <load_address>0x200203a4</load_address>
         <run_address>0x200203a4</run_address>
         <size>0x10</size>
         <input_file_ref idref="fl-c8"/>
      </object_component>
      <object_component id="oc-26a">
         <name>.data</name>
         <load_address>0x200203e0</load_address>
         <run_address>0x200203e0</run_address>
         <size>0x4</size>
         <input_file_ref idref="fl-ca"/>
      </object_component>
      <object_component id="oc-b0">
         <name>.data:$O1$$</name>
         <load_address>0x200203b4</load_address>
         <run_address>0x200203b4</run_address>
         <size>0xc</size>
         <input_file_ref idref="fl-cb"/>
      </object_component>
      <object_component id="oc-2ae">
         <name>.data:$O1$$</name>
         <load_address>0x200203c0</load_address>
         <run_address>0x200203c0</run_address>
         <size>0xc</size>
         <input_file_ref idref="fl-df"/>
      </object_component>
      <object_component id="oc-77">
         <name>.data</name>
         <load_address>0x200203ec</load_address>
         <run_address>0x200203ec</run_address>
         <size>0x4</size>
         <input_file_ref idref="fl-e6"/>
      </object_component>
      <object_component id="oc-506">
         <name>.data:_device</name>
         <load_address>0x200202c8</load_address>
         <run_address>0x200202c8</run_address>
         <size>0x78</size>
         <input_file_ref idref="fl-ea"/>
      </object_component>
      <object_component id="oc-4c4">
         <name>.data:_stream</name>
         <load_address>0x20020340</load_address>
         <run_address>0x20020340</run_address>
         <size>0x50</size>
         <input_file_ref idref="fl-ea"/>
      </object_component>
      <object_component id="oc-b3">
         <name>.data:$O1$$</name>
         <load_address>0x200203d8</load_address>
         <run_address>0x200203d8</run_address>
         <size>0x8</size>
         <input_file_ref idref="fl-ec"/>
      </object_component>
      <object_component id="oc-52b">
         <name>.data</name>
         <load_address>0x200203e4</load_address>
         <run_address>0x200203e4</run_address>
         <size>0x4</size>
         <input_file_ref idref="fl-10a"/>
      </object_component>
      <object_component id="oc-564">
         <name>.data</name>
         <load_address>0x200203e8</load_address>
         <run_address>0x200203e8</run_address>
         <size>0x4</size>
         <input_file_ref idref="fl-10b"/>
      </object_component>
      <object_component id="oc-12c">
         <name>.bss:g_ucRxBuff2</name>
         <uninitialized>true</uninitialized>
         <run_address>0x200201c8</run_address>
         <size>0x4</size>
         <input_file_ref idref="fl-5"/>
      </object_component>
      <object_component id="oc-141">
         <name>.bss:buf</name>
         <uninitialized>true</uninitialized>
         <run_address>0x2001f000</run_address>
         <size>0x1000</size>
         <input_file_ref idref="fl-5"/>
      </object_component>
      <object_component id="oc-252">
         <name>.bss</name>
         <uninitialized>true</uninitialized>
         <run_address>0x200201cc</run_address>
         <size>0x4</size>
         <input_file_ref idref="fl-9"/>
      </object_component>
      <object_component id="oc-5aa">
         <name>.bss:_CIOBUF_</name>
         <uninitialized>true</uninitialized>
         <run_address>0x20020000</run_address>
         <size>0x120</size>
         <input_file_ref idref="fl-108"/>
      </object_component>
      <object_component id="oc-31e">
         <name>.common:g_ucLED1Pin</name>
         <uninitialized>true</uninitialized>
         <run_address>0x200201d2</run_address>
         <size>0x1</size>
      </object_component>
      <object_component id="oc-327">
         <name>.common:g_ucLED2Pin</name>
         <uninitialized>true</uninitialized>
         <run_address>0x200201d3</run_address>
         <size>0x1</size>
      </object_component>
      <object_component id="oc-328">
         <name>.common:g_ucLED3Pin</name>
         <uninitialized>true</uninitialized>
         <run_address>0x200201d4</run_address>
         <size>0x1</size>
      </object_component>
      <object_component id="oc-12f">
         <name>.common:rxBuff</name>
         <uninitialized>true</uninitialized>
         <run_address>0x200201d0</run_address>
         <size>0x2</size>
      </object_component>
      <object_component id="oc-573">
         <name>.common:__TI_tmpnams</name>
         <uninitialized>true</uninitialized>
         <run_address>0x20020120</run_address>
         <size>0xa0</size>
      </object_component>
      <object_component id="oc-57e">
         <name>.common:parmbuf</name>
         <uninitialized>true</uninitialized>
         <run_address>0x200201c0</run_address>
         <size>0x8</size>
      </object_component>
      <object_component id="oc-2a">
         <name>.sysmem</name>
         <uninitialized>true</uninitialized>
         <run_address>0x20017000</run_address>
         <size>0x8</size>
         <input_file_ref idref="fl-df"/>
      </object_component>
      <object_component id="oc-5fc">
         <name>.sysmem</name>
         <uninitialized>true</uninitialized>
         <run_address>0x20017000</run_address>
         <size>0x0</size>
      </object_component>
      <object_component id="oc-29">
         <name>.stack</name>
         <uninitialized>true</uninitialized>
         <run_address>0x20028000</run_address>
         <size>0x0</size>
         <input_file_ref idref="fl-c4"/>
      </object_component>
      <object_component id="oc-5fb">
         <name>.stack</name>
         <uninitialized>true</uninitialized>
         <run_address>0x20028000</run_address>
         <size>0x0</size>
      </object_component>
      <object_component id="oc-31f">
         <name>.debug_info</name>
         <load_address>0x0</load_address>
         <run_address>0x0</run_address>
         <size>0x318</size>
         <input_file_ref idref="fl-2"/>
      </object_component>
      <object_component id="oc-32a">
         <name>.debug_info</name>
         <load_address>0x318</load_address>
         <run_address>0x318</run_address>
         <size>0xc4</size>
         <input_file_ref idref="fl-2"/>
      </object_component>
      <object_component id="oc-31c">
         <name>.debug_info</name>
         <load_address>0x3dc</load_address>
         <run_address>0x3dc</run_address>
         <size>0x125</size>
         <input_file_ref idref="fl-2"/>
      </object_component>
      <object_component id="oc-192">
         <name>.debug_info</name>
         <load_address>0x501</load_address>
         <run_address>0x501</run_address>
         <size>0xb45</size>
         <input_file_ref idref="fl-2"/>
      </object_component>
      <object_component id="oc-3fe">
         <name>.debug_info</name>
         <load_address>0x1046</load_address>
         <run_address>0x1046</run_address>
         <size>0x62</size>
         <input_file_ref idref="fl-2"/>
      </object_component>
      <object_component id="oc-3c">
         <name>.debug_info</name>
         <load_address>0x10a8</load_address>
         <run_address>0x10a8</run_address>
         <size>0x84</size>
         <input_file_ref idref="fl-2"/>
      </object_component>
      <object_component id="oc-280">
         <name>.debug_info</name>
         <load_address>0x112c</load_address>
         <run_address>0x112c</run_address>
         <size>0x2c</size>
         <input_file_ref idref="fl-2"/>
      </object_component>
      <object_component id="oc-257">
         <name>.debug_info</name>
         <load_address>0x1158</load_address>
         <run_address>0x1158</run_address>
         <size>0x4e</size>
         <input_file_ref idref="fl-2"/>
      </object_component>
      <object_component id="oc-386">
         <name>.debug_info</name>
         <load_address>0x11a6</load_address>
         <run_address>0x11a6</run_address>
         <size>0x300</size>
         <input_file_ref idref="fl-3"/>
      </object_component>
      <object_component id="oc-28e">
         <name>.debug_info</name>
         <load_address>0x14a6</load_address>
         <run_address>0x14a6</run_address>
         <size>0x1b9c</size>
         <input_file_ref idref="fl-3"/>
      </object_component>
      <object_component id="oc-2a9">
         <name>.debug_info</name>
         <load_address>0x3042</load_address>
         <run_address>0x3042</run_address>
         <size>0x6b</size>
         <input_file_ref idref="fl-3"/>
      </object_component>
      <object_component id="oc-25c">
         <name>.debug_info</name>
         <load_address>0x30ad</load_address>
         <run_address>0x30ad</run_address>
         <size>0x110</size>
         <input_file_ref idref="fl-3"/>
      </object_component>
      <object_component id="oc-3c1">
         <name>.debug_info</name>
         <load_address>0x31bd</load_address>
         <run_address>0x31bd</run_address>
         <size>0xbb</size>
         <input_file_ref idref="fl-3"/>
      </object_component>
      <object_component id="oc-3c6">
         <name>.debug_info</name>
         <load_address>0x3278</load_address>
         <run_address>0x3278</run_address>
         <size>0x7f</size>
         <input_file_ref idref="fl-3"/>
      </object_component>
      <object_component id="oc-2a8">
         <name>.debug_info</name>
         <load_address>0x32f7</load_address>
         <run_address>0x32f7</run_address>
         <size>0x338</size>
         <input_file_ref idref="fl-4"/>
      </object_component>
      <object_component id="oc-136">
         <name>.debug_info</name>
         <load_address>0x362f</load_address>
         <run_address>0x362f</run_address>
         <size>0x8cc</size>
         <input_file_ref idref="fl-4"/>
      </object_component>
      <object_component id="oc-3cb">
         <name>.debug_info</name>
         <load_address>0x3efb</load_address>
         <run_address>0x3efb</run_address>
         <size>0x69</size>
         <input_file_ref idref="fl-4"/>
      </object_component>
      <object_component id="oc-2a3">
         <name>.debug_info</name>
         <load_address>0x3f64</load_address>
         <run_address>0x3f64</run_address>
         <size>0x2c</size>
         <input_file_ref idref="fl-4"/>
      </object_component>
      <object_component id="oc-130">
         <name>.debug_info</name>
         <load_address>0x3f90</load_address>
         <run_address>0x3f90</run_address>
         <size>0x7dc</size>
         <input_file_ref idref="fl-5"/>
      </object_component>
      <object_component id="oc-12d">
         <name>.debug_info</name>
         <load_address>0x476c</load_address>
         <run_address>0x476c</run_address>
         <size>0xcd</size>
         <input_file_ref idref="fl-5"/>
      </object_component>
      <object_component id="oc-142">
         <name>.debug_info</name>
         <load_address>0x4839</load_address>
         <run_address>0x4839</run_address>
         <size>0xbd</size>
         <input_file_ref idref="fl-5"/>
      </object_component>
      <object_component id="oc-133">
         <name>.debug_info</name>
         <load_address>0x48f6</load_address>
         <run_address>0x48f6</run_address>
         <size>0xdf</size>
         <input_file_ref idref="fl-5"/>
      </object_component>
      <object_component id="oc-ac">
         <name>.debug_info</name>
         <load_address>0x49d5</load_address>
         <run_address>0x49d5</run_address>
         <size>0xc7f</size>
         <input_file_ref idref="fl-5"/>
      </object_component>
      <object_component id="oc-27b">
         <name>.debug_info</name>
         <load_address>0x5654</load_address>
         <run_address>0x5654</run_address>
         <size>0x74</size>
         <input_file_ref idref="fl-5"/>
      </object_component>
      <object_component id="oc-91">
         <name>.debug_info</name>
         <load_address>0x56c8</load_address>
         <run_address>0x56c8</run_address>
         <size>0x2c</size>
         <input_file_ref idref="fl-5"/>
      </object_component>
      <object_component id="oc-19e">
         <name>.debug_info</name>
         <load_address>0x56f4</load_address>
         <run_address>0x56f4</run_address>
         <size>0x35</size>
         <input_file_ref idref="fl-5"/>
      </object_component>
      <object_component id="oc-186">
         <name>.debug_info</name>
         <load_address>0x5729</load_address>
         <run_address>0x5729</run_address>
         <size>0x3f6</size>
         <input_file_ref idref="fl-6"/>
      </object_component>
      <object_component id="oc-35">
         <name>.debug_info</name>
         <load_address>0x5b1f</load_address>
         <run_address>0x5b1f</run_address>
         <size>0x185</size>
         <input_file_ref idref="fl-7"/>
      </object_component>
      <object_component id="oc-10">
         <name>.debug_info</name>
         <load_address>0x5ca4</load_address>
         <run_address>0x5ca4</run_address>
         <size>0x104</size>
         <input_file_ref idref="fl-7"/>
      </object_component>
      <object_component id="oc-30">
         <name>.debug_info</name>
         <load_address>0x5da8</load_address>
         <run_address>0x5da8</run_address>
         <size>0x425</size>
         <input_file_ref idref="fl-7"/>
      </object_component>
      <object_component id="oc-213">
         <name>.debug_info</name>
         <load_address>0x61cd</load_address>
         <run_address>0x61cd</run_address>
         <size>0x44a</size>
         <input_file_ref idref="fl-8"/>
      </object_component>
      <object_component id="oc-d9">
         <name>.debug_info</name>
         <load_address>0x6617</load_address>
         <run_address>0x6617</run_address>
         <size>0x9fa</size>
         <input_file_ref idref="fl-8"/>
      </object_component>
      <object_component id="oc-256">
         <name>.debug_info</name>
         <load_address>0x7011</load_address>
         <run_address>0x7011</run_address>
         <size>0x3e7</size>
         <input_file_ref idref="fl-9"/>
      </object_component>
      <object_component id="oc-253">
         <name>.debug_info</name>
         <load_address>0x73f8</load_address>
         <run_address>0x73f8</run_address>
         <size>0xfb</size>
         <input_file_ref idref="fl-9"/>
      </object_component>
      <object_component id="oc-e6">
         <name>.debug_info</name>
         <load_address>0x74f3</load_address>
         <run_address>0x74f3</run_address>
         <size>0x8d7</size>
         <input_file_ref idref="fl-9"/>
      </object_component>
      <object_component id="oc-26">
         <name>.debug_info</name>
         <load_address>0x7dca</load_address>
         <run_address>0x7dca</run_address>
         <size>0x160</size>
         <input_file_ref idref="fl-c4"/>
      </object_component>
      <object_component id="oc-87">
         <name>.debug_info</name>
         <load_address>0x7f2a</load_address>
         <run_address>0x7f2a</run_address>
         <size>0x165</size>
         <input_file_ref idref="fl-c5"/>
      </object_component>
      <object_component id="oc-13">
         <name>.debug_info</name>
         <load_address>0x808f</load_address>
         <run_address>0x808f</run_address>
         <size>0x245</size>
         <input_file_ref idref="fl-c5"/>
      </object_component>
      <object_component id="oc-37">
         <name>.debug_info</name>
         <load_address>0x82d4</load_address>
         <run_address>0x82d4</run_address>
         <size>0x60</size>
         <input_file_ref idref="fl-c5"/>
      </object_component>
      <object_component id="oc-82">
         <name>.debug_info</name>
         <load_address>0x8334</load_address>
         <run_address>0x8334</run_address>
         <size>0x46</size>
         <input_file_ref idref="fl-c5"/>
      </object_component>
      <object_component id="oc-4c">
         <name>.debug_info</name>
         <load_address>0x837a</load_address>
         <run_address>0x837a</run_address>
         <size>0x1ac</size>
         <input_file_ref idref="fl-c6"/>
      </object_component>
      <object_component id="oc-1a">
         <name>.debug_info</name>
[...]
      </symbol>
      <symbol id="sm-580">
         <name>cos</name>
         <value>0x2000712d</value>
         <object_component_ref idref="oc-293"/>
      </symbol>
      <symbol id="sm-59d">
         <name>floorl</name>
         <value>0x20009e49</value>
         <object_component_ref idref="oc-399"/>
      </symbol>
      <symbol id="sm-59e">
         <name>floor</name>
         <value>0x20009e49</value>
         <object_component_ref idref="oc-399"/>
      </symbol>
      <symbol id="sm-5ed">
         <name>sin</name>
         <value>0x200076ed</value>
         <object_component_ref idref="oc-299"/>
      </symbol>
      <symbol id="sm-5ee">
         <name>sinl</name>
         <value>0x200076ed</value>
         <object_component_ref idref="oc-299"/>
      </symbol>
      <symbol id="sm-5f6">
         <name>main_func_sp</name>
         <value>0x200203ec</value>
         <object_component_ref idref="oc-77"/>
      </symbol>
      <symbol id="sm-604">
         <name>strlen</name>
         <value>0x2000bfb1</value>
         <object_component_ref idref="oc-246"/>
      </symbol>
      <symbol id="sm-60f">
         <name>__aeabi_ui2f</name>
         <value>0x2000bc81</value>
         <object_component_ref idref="oc-ea"/>
      </symbol>
      <symbol id="sm-630">
         <name>vsnprintf</name>
         <value>0x2000ab65</value>
         <object_component_ref idref="oc-234"/>
      </symbol>
      <symbol id="sm-656">
         <name>_stream</name>
         <value>0x20020340</value>
         <object_component_ref idref="oc-4c4"/>
      </symbol>
      <symbol id="sm-657">
         <name>_device</name>
         <value>0x200202c8</value>
         <object_component_ref idref="oc-506"/>
      </symbol>
      <symbol id="sm-658">
         <name>write</name>
         <value>0x2000bbed</value>
         <object_component_ref idref="oc-45b"/>
      </symbol>
      <symbol id="sm-676">
         <name>__TI_wrt_ok</name>
         <value>0x2000a4c5</value>
         <object_component_ref idref="oc-44f"/>
      </symbol>
      <symbol id="sm-677">
         <name>__TI_rd_ok</name>
         <value>0x2000a527</value>
         <object_component_ref idref="oc-44f"/>
      </symbol>
      <symbol id="sm-690">
         <name>_nop</name>
         <value>0x2000bf97</value>
         <object_component_ref idref="oc-1ac"/>
      </symbol>
      <symbol id="sm-691">
         <name>_lock</name>
         <value>0x200203d8</value>
         <object_component_ref idref="oc-b3"/>
      </symbol>
      <symbol id="sm-692">
         <name>_unlock</name>
         <value>0x200203dc</value>
         <object_component_ref idref="oc-b3"/>
      </symbol>
      <symbol id="sm-693">
         <name>_register_lock</name>
         <value>0x2000bf8f</value>
         <object_component_ref idref="oc-1ac"/>
      </symbol>
      <symbol id="sm-694">
         <name>_register_unlock</name>
         <value>0x2000bf89</value>
         <object_component_ref idref="oc-1ac"/>
      </symbol>
      <symbol id="sm-795">
         <name>__TI_printfi</name>
         <value>0x20004c39</value>
         <object_component_ref idref="oc-36a"/>
      </symbol>
      <symbol id="sm-7a9">
         <name>_args_main</name>
         <value>0x2000bed9</value>
         <object_component_ref idref="oc-6b"/>
      </symbol>
      <symbol id="sm-7bf">
         <name>atoi</name>
         <value>0x2000b69d</value>
         <object_component_ref idref="oc-42f"/>
      </symbol>
      <symbol id="sm-7e9">
         <name>__TI_auto_init</name>
         <value>0x2000af55</value>
         <object_component_ref idref="oc-65"/>
      </symbol>
      <symbol id="sm-803">
         <name>copy_in</name>
         <value>0x2000b6e9</value>
         <object_component_ref idref="oc-9a"/>
      </symbol>
      <symbol id="sm-80e">
         <name>_ctypes_</name>
         <value>0x2000c178</value>
         <object_component_ref idref="oc-4a3"/>
      </symbol>
      <symbol id="sm-828">
         <name>__TI_doflush</name>
         <value>0x2000a289</value>
         <object_component_ref idref="oc-455"/>
      </symbol>
      <symbol id="sm-829">
         <name>fflush</name>
         <value>0x2000a2d5</value>
         <object_component_ref idref="oc-455"/>
      </symbol>
      <symbol id="sm-83b">
         <name>fseek</name>
         <value>0x2000b31d</value>
         <object_component_ref idref="oc-4b1"/>
      </symbol>
      <symbol id="sm-84c">
         <name>HOSTclose</name>
         <value>0x2000b809</value>
         <object_component_ref idref="oc-536"/>
      </symbol>
      <symbol id="sm-85d">
         <name>HOSTlseek</name>
         <value>0x2000b24d</value>
         <object_component_ref idref="oc-548"/>
      </symbol>
      <symbol id="sm-86f">
         <name>parmbuf</name>
         <value>0x200201c0</value>
      </symbol>
      <symbol id="sm-870">
         <name>HOSTopen</name>
         <value>0x2000b381</value>
         <object_component_ref idref="oc-530"/>
      </symbol>
      <symbol id="sm-881">
         <name>HOSTread</name>
         <value>0x2000b4f1</value>
         <object_component_ref idref="oc-53c"/>
      </symbol>
      <symbol id="sm-892">
         <name>HOSTrename</name>
         <value>0x2000b111</value>
         <object_component_ref idref="oc-554"/>
      </symbol>
      <symbol id="sm-8a3">
         <name>HOSTunlink</name>
         <value>0x2000b84d</value>
         <object_component_ref idref="oc-54e"/>
      </symbol>
      <symbol id="sm-8b4">
         <name>HOSTwrite</name>
         <value>0x2000b549</value>
         <object_component_ref idref="oc-542"/>
      </symbol>
      <symbol id="sm-8ca">
         <name>__kernel_cos</name>
         <value>0x20009885</value>
         <object_component_ref idref="oc-3a0"/>
      </symbol>
      <symbol id="sm-933">
         <name>__kernel_rem_pio2</name>
         <value>0x2000644d</value>
         <object_component_ref idref="oc-3ab"/>
      </symbol>
      <symbol id="sm-94a">
         <name>__kernel_sin</name>
         <value>0x2000971d</value>
         <object_component_ref idref="oc-3b1"/>
      </symbol>
      <symbol id="sm-95a">
         <name>lseek</name>
         <value>0x2000bbc5</value>
         <object_component_ref idref="oc-4eb"/>
      </symbol>
      <symbol id="sm-969">
         <name>ltoa</name>
         <value>0x2000b649</value>
         <object_component_ref idref="oc-417"/>
      </symbol>
      <symbol id="sm-979">
         <name>memccpy</name>
         <value>0x2000bdf7</value>
         <object_component_ref idref="oc-435"/>
      </symbol>
      <symbol id="sm-98f">
         <name>frexpl</name>
         <value>0x2000b43d</value>
         <object_component_ref idref="oc-41d"/>
      </symbol>
      <symbol id="sm-990">
         <name>frexp</name>
         <value>0x2000b43d</value>
         <object_component_ref idref="oc-41d"/>
      </symbol>
      <symbol id="sm-9ae">
         <name>scalbn</name>
         <value>0x2000a0e9</value>
         <object_component_ref idref="oc-423"/>
      </symbol>
      <symbol id="sm-9af">
         <name>scalbnl</name>
         <value>0x2000a0e9</value>
         <object_component_ref idref="oc-423"/>
      </symbol>
      <symbol id="sm-9b0">
         <name>ldexpl</name>
         <value>0x2000a0e9</value>
         <object_component_ref idref="oc-423"/>
      </symbol>
      <symbol id="sm-9b1">
         <name>ldexp</name>
         <value>0x2000a0e9</value>
         <object_component_ref idref="oc-423"/>
      </symbol>
      <symbol id="sm-9cd">
         <name>setvbuf</name>
         <value>0x20009f3d</value>
         <object_component_ref idref="oc-4b7"/>
      </symbol>
      <symbol id="sm-9d7">
         <name>_system_post_cinit</name>
         <value>0x20009b1b</value>
         <object_component_ref idref="oc-a0"/>
      </symbol>
      <symbol id="sm-9e7">
         <name>strchr</name>
         <value>0x2000bf35</value>
         <object_component_ref idref="oc-429"/>
      </symbol>
      <symbol id="sm-9f5">
         <name>strcpy</name>
         <value>0x2000bf9d</value>
         <object_component_ref idref="oc-58c"/>
      </symbol>
      <symbol id="sm-a10">
         <name>__TI_readmsg</name>
         <value>0x2000b2e7</value>
         <object_component_ref idref="oc-578"/>
      </symbol>
      <symbol id="sm-a11">
         <name>C$$IO$$</name>
         <value>0x2000b2e3</value>
         <object_component_ref idref="oc-578"/>
      </symbol>
      <symbol id="sm-a12">
         <name>__CIOBUF_</name>
         <value>0x20020000</value>
         <object_component_ref idref="oc-5aa"/>
      </symbol>
      <symbol id="sm-a13">
         <name>__TI_writemsg</name>
         <value>0x2000b2b5</value>
         <object_component_ref idref="oc-578"/>
      </symbol>
      <symbol id="sm-a2f">
         <name>__aeabi_uldivmod</name>
         <value>0x20008bc5</value>
         <object_component_ref idref="oc-412"/>
      </symbol>
      <symbol id="sm-a61">
         <name>__TI_cleanup</name>
         <value>0x20008e81</value>
         <object_component_ref idref="oc-4f3"/>
      </symbol>
      <symbol id="sm-a62">
         <name>freopen</name>
         <value>0x20008ead</value>
         <object_component_ref idref="oc-4f3"/>
      </symbol>
      <symbol id="sm-a63">
         <name>fopen</name>
         <value>0x20008ed7</value>
         <object_component_ref idref="oc-4f3"/>
      </symbol>
      <symbol id="sm-a80">
         <name>open</name>
         <value>0x2000a351</value>
         <object_component_ref idref="oc-51f"/>
      </symbol>
      <symbol id="sm-a8a">
         <name>copysign</name>
         <value>0x2000c009</value>
         <object_component_ref idref="oc-499"/>
      </symbol>
      <symbol id="sm-a8b">
         <name>copysignl</name>
         <value>0x2000c009</value>
         <object_component_ref idref="oc-499"/>
      </symbol>
      <symbol id="sm-aa1">
         <name>__TI_closefile</name>
         <value>0x2000a7fd</value>
         <object_component_ref idref="oc-525"/>
      </symbol>
      <symbol id="sm-aa2">
         <name>fclose</name>
         <value>0x2000a863</value>
         <object_component_ref idref="oc-525"/>
      </symbol>
      <symbol id="sm-abc">
         <name>finddevice</name>
         <value>0x2000afc5</value>
         <object_component_ref idref="oc-55e"/>
      </symbol>
      <symbol id="sm-abd">
         <name>getdevice</name>
         <value>0x2000afef</value>
         <object_component_ref idref="oc-55e"/>
      </symbol>
      <symbol id="sm-acd">
         <name>strcmp</name>
         <value>0x2000bef1</value>
         <object_component_ref idref="oc-594"/>
      </symbol>
      <symbol id="sm-add">
         <name>strncpy</name>
         <value>0x2000ba2b</value>
         <object_component_ref idref="oc-59a"/>
      </symbol>
      <symbol id="sm-aed">
         <name>unlink</name>
         <value>0x2000bb1d</value>
         <object_component_ref idref="oc-56d"/>
      </symbol>
      <symbol id="sm-b01">
         <name>close</name>
         <value>0x2000b3e1</value>
         <object_component_ref idref="oc-567"/>
      </symbol>
      <symbol id="sm-b57">
         <name>GPIOIntRegister</name>
         <value>0x2000bd29</value>
         <object_component_ref idref="oc-309"/>
      </symbol>
      <symbol id="sm-b58">
         <name>GPIOIntEnable</name>
         <value>0x2000be13</value>
         <object_component_ref idref="oc-315"/>
      </symbol>
      <symbol id="sm-b59">
         <name>GPIOIntTypeSet</name>
         <value>0x2000acf9</value>
         <object_component_ref idref="oc-303"/>
      </symbol>
      <symbol id="sm-b5a">
         <name>GPIOIntClear</name>
         <value>0x2000bf5f</value>
         <object_component_ref idref="oc-30f"/>
      </symbol>
      <symbol id="sm-b5b">
         <name>GPIOPinRead</name>
         <value>0x2000be61</value>
         <object_component_ref idref="oc-321"/>
      </symbol>
      <symbol id="sm-b5c">
         <name>GPIODirModeSet</name>
         <value>0x2000b9f5</value>
         <object_component_ref idref="oc-2ec"/>
      </symbol>
      <symbol id="sm-b5d">
         <name>GPIOPinWrite</name>
         <value>0x2000bcc7</value>
         <object_component_ref idref="oc-144"/>
      </symbol>
      <symbol id="sm-bd5">
         <name>IntPrioritySet</name>
         <value>0x2000b5a1</value>
         <object_component_ref idref="oc-1d0"/>
      </symbol>
      <symbol id="sm-bd6">
         <name>IntVTableBaseSet</name>
         <value>0x2000bf75</value>
         <object_component_ref idref="oc-16d"/>
      </symbol>
      <symbol id="sm-bd7">
         <name>IntEnable</name>
         <value>0x2000a619</value>
         <object_component_ref idref="oc-179"/>
      </symbol>
      <symbol id="sm-bd8">
         <name>IntDisable</name>
         <value>0x2000a571</value>
         <object_component_ref idref="oc-347"/>
      </symbol>
      <symbol id="sm-bd9">
         <name>IntRegister</name>
         <value>0x2000bce9</value>
         <object_component_ref idref="oc-338"/>
      </symbol>
      <symbol id="sm-bda">
         <name>IntUnregister</name>
         <value>0x2000bc15</value>
         <object_component_ref idref="oc-34d"/>
      </symbol>
      <symbol id="sm-bdb">
         <name>IntMasterEnable</name>
         <value>0x2000bfff</value>
         <object_component_ref idref="oc-173"/>
      </symbol>
      <symbol id="sm-c1a">
         <name>PinTypeUART</name>
         <value>0x2000be47</value>
         <object_component_ref idref="oc-2f2"/>
      </symbol>
      <symbol id="sm-c1b">
         <name>PinTypeGPIO</name>
         <value>0x2000ba61</value>
         <object_component_ref idref="oc-2e6"/>
      </symbol>
      <symbol id="sm-c1c">
         <name>PinConfigSet</name>
         <value>0x2000aa55</value>
         <object_component_ref idref="oc-3de"/>
      </symbol>
      <symbol id="sm-c1d">
         <name>PinTypeSPI</name>
         <value>0x2000be2d</value>
         <object_component_ref idref="oc-2f8"/>
      </symbol>
      <symbol id="sm-c1e">
         <name>PinModeSet</name>
         <value>0x2000b891</value>
         <object_component_ref idref="oc-2e0"/>
      </symbol>
      <symbol id="sm-ca4">
         <name>PRCMPeripheralReset</name>
         <value>0x2000b499</value>
         <object_component_ref idref="oc-197"/>
      </symbol>
      <symbol id="sm-ca5">
         <name>PRCMPeripheralClkEnable</name>
         <value>0x2000b911</value>
         <object_component_ref idref="oc-18b"/>
      </symbol>
      <symbol id="sm-ca6">
         <name>PRCMPeripheralClockGet</name>
         <value>0x2000a92d</value>
         <object_component_ref idref="oc-15b"/>
      </symbol>
      <symbol id="sm-ca7">
         <name>PRCMCC3200MCUInit</name>
         <value>0x200092cd</value>
         <object_component_ref idref="oc-17f"/>
      </symbol>
      <symbol id="sm-ca8">
         <name>PRCMHIBRegWrite</name>
         <value>0x2000bf1f</value>
         <object_component_ref idref="oc-2d3"/>
      </symbol>
      <symbol id="sm-ca9">
         <name>PRCMSysResetCauseGet</name>
         <value>0x2000baf1</value>
         <object_component_ref idref="oc-2c7"/>
      </symbol>
      <symbol id="sm-caa">
         <name>PRCMPeripheralClkDisable</name>
         <value>0x2000bb9d</value>
         <object_component_ref idref="oc-2d9"/>
      </symbol>
      <symbol id="sm-cab">
         <name>PRCMHIBRegRead</name>
         <value>0x2000bf09</value>
         <object_component_ref idref="oc-2cd"/>
      </symbol>
      <symbol id="sm-d0f">
         <name>SPITransfer</name>
         <value>0x2000aadd</value>
         <object_component_ref idref="oc-de"/>
      </symbol>
      <symbol id="sm-d10">
         <name>SPIEnable</name>
         <value>0x2000be79</value>
         <object_component_ref idref="oc-167"/>
      </symbol>
      <symbol id="sm-d11">
         <name>SPIConfigSetExpClk</name>
         <value>0x2000a6c1</value>
         <object_component_ref idref="oc-161"/>
      </symbol>
      <symbol id="sm-d12">
         <name>SPIReset</name>
         <value>0x2000bca5</value>
         <object_component_ref idref="oc-155"/>
      </symbol>
      <symbol id="sm-d96">
         <name>TimerLoadSet</name>
         <value>0x2000bb49</value>
         <object_component_ref idref="oc-1ee"/>
      </symbol>
      <symbol id="sm-d97">
         <name>TimerDisable</name>
         <value>0x2000bd47</value>
         <object_component_ref idref="oc-1fa"/>
      </symbol>
      <symbol id="sm-d98">
         <name>TimerIntRegister</name>
         <value>0x2000aee5</value>
         <object_component_ref idref="oc-1d6"/>
      </symbol>
      <symbol id="sm-d99">
         <name>TimerEnable</name>
         <value>0x2000bd65</value>
         <object_component_ref idref="oc-1f4"/>
      </symbol>
      <symbol id="sm-d9a">
         <name>TimerIntUnregister</name>
         <value>0x2000b17d</value>
         <object_component_ref idref="oc-206"/>
      </symbol>
      <symbol id="sm-d9b">
         <name>TimerIntStatus</name>
         <value>0x2000bd83</value>
         <object_component_ref idref="oc-1e2"/>
      </symbol>
      <symbol id="sm-d9c">
         <name>TimerIntDisable</name>
         <value>0x2000be91</value>
         <object_component_ref idref="oc-200"/>
      </symbol>
      <symbol id="sm-d9d">
         <name>TimerValueGet</name>
         <value>0x2000bdbf</value>
         <object_component_ref idref="oc-20c"/>
      </symbol>
      <symbol id="sm-d9e">
         <name>TimerPrescaleSet</name>
         <value>0x2000bb73</value>
         <object_component_ref idref="oc-1ca"/>
      </symbol>
      <symbol id="sm-d9f">
         <name>TimerIntEnable</name>
         <value>0x2000bea9</value>
         <object_component_ref idref="oc-1dc"/>
      </symbol>
      <symbol id="sm-da0">
         <name>TimerConfigure</name>
         <value>0x2000b7c5</value>
         <object_component_ref idref="oc-1c4"/>
      </symbol>
      <symbol id="sm-da1">
         <name>TimerIntClear</name>
         <value>0x2000bfc5</value>
         <object_component_ref idref="oc-1e8"/>
      </symbol>
      <symbol id="sm-ddd">
         <name>UARTConfigSetExpClk</name>
         <value>0x2000ae6f</value>
         <object_component_ref idref="oc-228"/>
      </symbol>
      <symbol id="sm-dde">
         <name>UARTDisable</name>
         <value>0x2000ba91</value>
         <object_component_ref idref="oc-35c"/>
      </symbol>
      <symbol id="sm-ddf">
         <name>UARTCharsAvail</name>
         <value>0x2000bec1</value>
         <object_component_ref idref="oc-23a"/>
      </symbol>
      <symbol id="sm-de0">
         <name>UARTCharGetNonBlocking</name>
         <value>0x2000bddb</value>
         <object_component_ref idref="oc-240"/>
      </symbol>
      <symbol id="sm-de1">
         <name>UARTCharPut</name>
         <value>0x2000bda1</value>
         <object_component_ref idref="oc-22e"/>
      </symbol>
      <symbol id="sm-de2">
         <name>UARTEnable</name>
         <value>0x2000bc39</value>
         <object_component_ref idref="oc-362"/>
      </symbol>
      <symbol id="sm-de6">
         <name>UtilsDelay</name>
         <value>0x2000c011</value>
         <object_component_ref idref="oc-154"/>
      </symbol>
      <symbol id="sm-df0">
         <name>CPUcpsie</name>
         <value>0x2000bf4b</value>
         <object_component_ref idref="oc-2bc"/>
      </symbol>
      <symbol id="sm-df2">
         <name>__TI_static_base__</name>
         <value>0x2000c578</value>
      </symbol>
      <symbol id="sm-df5">
         <name>SHT$$INIT_ARRAY$$Limit</name>
         <value>0x0</value>
      </symbol>
      <symbol id="sm-df6">
         <name>SHT$$INIT_ARRAY$$Base</name>
         <value>0x0</value>
      </symbol>
      <symbol id="sm-df7">
         <name>remove</name>
         <value>0x2000bb1d</value>
      </symbol>
   </symbol_table>
   <title>Link successful</title>
</link_info>
