******************************************************************************
                  TI ARM Linker PC v16.9.4                     
******************************************************************************
>> Linked Tue Nov 14 06:40:05 2017

OUTPUT FILE NAME:   <spi_demo.out>
ENTRY POINT SYMBOL: "_c_int00"  address: 2000b8d1


MEMORY CONFIGURATION

         name            origin    length      used     unused   attr    fill
----------------------  --------  ---------  --------  --------  ----  --------
  SRAM_CODE             20004000   00013000  00008622  0000a9de  RW X
  SRAM_DATA             20017000   00019000  000113f0  00007c10  RW X


SEGMENT ALLOCATION MAP

run origin  load origin   length   init length attrs members
----------  ----------- ---------- ----------- ----- -------
20004000    20004000    00008628   00008628    r-x
  20004000    20004000    00000400   00000400    r-- .intvecs
  20004400    20004400    00007c1a   00007c1a    r-x .text
  2000c020    2000c020    00000558   00000558    r-- .const
  2000c578    2000c578    000000b0   000000b0    r-- .cinit
20017000    20017000    000093f3   00000000    rw-
  20017000    20017000    00008000   00000000    rw- .sysmem
  2001f000    2001f000    000011d5   00000000    rw- .bss
  200201d8    200201d8    0000021b   00000000    rw- .data
20028000    20028000    00008000   00000000    rw-
  20028000    20028000    00008000   00000000    rw- .stack


SECTION ALLOCATION MAP

 output                                  attributes/
section   page    origin      length       input sections
--------  ----  ----------  ----------   ----------------
.intvecs   0    20004000    00000400     
                  20004000    00000400     startup_ccs.obj (.intvecs)

.init_array 
*          0    20004000    00000000     UNINITIALIZED

.text      0    20004400    00007c1a     
                  20004400    00001122     rtsv7M4_T_le_eabi.lib : _printfi.obj (.text)
                  20005522    00000002     driverlib.a : interrupt.obj (.text:IntDefaultHandler)
                  20005524    00000f28     kiss_fft.obj (.text)
                  2000644c    00000704     rtsv7M4_T_le_eabi.lib : k_rem_pio2.obj (.text)
                  20006b50    000005dc     main.obj (.text)
                  2000712c    000005c0     rtsv7M4_T_le_eabi.lib : s_cos.obj (.text)
                  200076ec    000005c0                           : s_sin.obj (.text)
                  20007cac    00000530     kiss_fftr.obj (.text)
                  200081dc    000003d0     rtsv7M4_T_le_eabi.lib : memory.obj (.text)
                  200085ac    00000398     gpio_if.obj (.text)
                  20008944    00000280     uart_if.obj (.text)
                  20008bc4    000001f4     rtsv7M4_T_le_eabi.lib : ull_div_t2.obj (.text)
                  20008db8    000001c4                           : fopen.obj (.text)
                  20008f7c    000001b6                           : fd_add_t2.obj (.text)
                  20009132    00000002                           : mpu_init.obj (.text)
                  20009134    00000198     timer_if.obj (.text)
                  200092cc    00000178     driverlib.a : prcm.obj (.text:PRCMCC3200MCUInit)
                  20009444    00000170     rtsv7M4_T_le_eabi.lib : e_sqrt.obj (.text)
                  200095b4    00000168     pinmux.obj (.text)
                  2000971c    00000168     rtsv7M4_T_le_eabi.lib : k_sin.obj (.text)
                  20009884    00000160                           : k_cos.obj (.text)
                  200099e4    00000136                           : fd_div_t2.obj (.text)
                  20009b1a    00000002                           : startup.obj (.text)
                  20009b1c    00000134                           : fputs.obj (.text)
                  20009c50    000000fc                           : fd_mul_t2.obj (.text)
                  20009d4c    000000fa                           : fs_add_t2.obj (.text)
                  20009e46    00000002     --HOLE-- [fill = 0]
                  20009e48    000000f4                           : s_floor.obj (.text)
                  20009f3c    000000dc                           : setvbuf.obj (.text)
                  2000a018    000000d0     driverlib.a : spi.obj (.text:SPITransfer32)
                  2000a0e8    000000d0     rtsv7M4_T_le_eabi.lib : s_scalbn.obj (.text)
                  2000a1b8    000000ce     driverlib.a : spi.obj (.text:SPITransfer16)
                  2000a286    00000002     --HOLE-- [fill = 0]
                  2000a288    000000c8     rtsv7M4_T_le_eabi.lib : fflush.obj (.text)
                  2000a350    000000bc                           : open.obj (.text)
                  2000a40c    000000b8     driverlib.a : spi.obj (.text:SPITransfer8)
                  2000a4c4    000000ac     rtsv7M4_T_le_eabi.lib : _io_perm.obj (.text)
                  2000a570    000000a8     driverlib.a : interrupt.obj (.text:IntDisable)
                  2000a618    000000a8                 : interrupt.obj (.text:IntEnable)
                  2000a6c0    000000a0                 : spi.obj (.text:SPIConfigSetExpClk)
                  2000a760    0000009c     rtsv7M4_T_le_eabi.lib : memcpy_t2.obj (.text)
                  2000a7fc    00000098                           : fclose.obj (.text)
                  2000a894    00000098                           : fputc.obj (.text)
                  2000a92c    00000094     driverlib.a : prcm.obj (.text:PRCMPeripheralClockGet)
                  2000a9c0    00000092     rtsv7M4_T_le_eabi.lib : fs_div_t2.obj (.text)
                  2000aa52    00000002     --HOLE-- [fill = 0]
                  2000aa54    00000088     driverlib.a : pin.obj (.text:PinConfigSet)
                  2000aadc    00000088                 : spi.obj (.text:SPITransfer)
                  2000ab64    00000088     rtsv7M4_T_le_eabi.lib : vsnprintf.obj (.text)
                  2000abec    00000086                           : fd_cmp_t2.obj (.text:__aeabi_cdcmple)
                  2000ac72    00000086                           : fd_cmp_t2.obj (.text:__aeabi_cdrcmple)
                  2000acf8    00000082     driverlib.a : gpio.obj (.text:GPIOIntTypeSet)
                  2000ad7a    0000007a     rtsv7M4_T_le_eabi.lib : fs_mul_t2.obj (.text)
                  2000adf4    0000007a                           : memset_t2.obj (.text)
                  2000ae6e    00000076     driverlib.a : uart.obj (.text:UARTConfigSetExpClk)
                  2000aee4    00000070                 : timer.obj (.text:TimerIntRegister)
                  2000af54    00000070     rtsv7M4_T_le_eabi.lib : autoinit.obj (.text)
                  2000afc4    00000070                           : getdevice.obj (.text)
                  2000b034    0000006e                           : fd_tos_t2.obj (.text)
                  2000b0a2    00000002     --HOLE-- [fill = 0]
                  2000b0a4    0000006c                           : fprintf.obj (.text)
                  2000b110    0000006c                           : hostrename.obj (.text)
                  2000b17c    00000068     driverlib.a : timer.obj (.text:TimerIntUnregister)
                  2000b1e4    00000068     rtsv7M4_T_le_eabi.lib : copy_decompress_lzss.obj (.text:decompress:lzss)
                  2000b24c    00000068                           : hostlseek.obj (.text)
                  2000b2b4    00000068                           : trgmsg.obj (.text)
                  2000b31c    00000064                           : fseek.obj (.text)
                  2000b380    00000060                           : hostopen.obj (.text)
                  2000b3e0    0000005c                           : close.obj (.text)
                  2000b43c    0000005c                           : s_frexp.obj (.text)
                  2000b498    00000058     driverlib.a : prcm.obj (.text:PRCMPeripheralReset)
                  2000b4f0    00000058     rtsv7M4_T_le_eabi.lib : hostread.obj (.text)
                  2000b548    00000058                           : hostwrite.obj (.text)
                  2000b5a0    00000054     driverlib.a : interrupt.obj (.text:IntPrioritySet)
                  2000b5f4    00000054     rtsv7M4_T_le_eabi.lib : exit.obj (.text)
                  2000b648    00000054                           : ltoa.obj (.text)
                  2000b69c    0000004c                           : atoi.obj (.text)
                  2000b6e8    0000004c                           : cpy_tbl.obj (.text)
                  2000b734    00000048     driverlib.a : gpio.obj (.text:GPIOGetIntNumber)
                  2000b77c    00000048     rtsv7M4_T_le_eabi.lib : fd_toi_t2.obj (.text)
                  2000b7c4    00000044     driverlib.a : timer.obj (.text:TimerConfigure)
                  2000b808    00000044     rtsv7M4_T_le_eabi.lib : hostclose.obj (.text)
                  2000b84c    00000044                           : hostunlink.obj (.text)
                  2000b890    00000040     driverlib.a : pin.obj (.text:PinModeSet)
                  2000b8d0    00000040     rtsv7M4_T_le_eabi.lib : boot.obj (.text)
                  2000b910    0000003c     driverlib.a : prcm.obj (.text:PRCMPeripheralClkEnable)
                  2000b94c    00000038     rtsv7M4_T_le_eabi.lib : fs_tod_t2.obj (.text)
                  2000b984    00000038                           : fs_toi_t2.obj (.text)
                  2000b9bc    00000038                           : i_tofs_t2.obj (.text)
                  2000b9f4    00000036     driverlib.a : gpio.obj (.text:GPIODirModeSet)
                  2000ba2a    00000036     rtsv7M4_T_le_eabi.lib : strncpy.obj (.text)
                  2000ba60    00000030     driverlib.a : pin.obj (.text:PinTypeGPIO)
                  2000ba90    00000030                 : uart.obj (.text:UARTDisable)
                  2000bac0    0000002e     rtsv7M4_T_le_eabi.lib : i_tofd_t2.obj (.text)
                  2000baee    00000002     --HOLE-- [fill = 0]
                  2000baf0    0000002c     driverlib.a : prcm.obj (.text:PRCMSysResetCauseGet)
                  2000bb1c    0000002c     rtsv7M4_T_le_eabi.lib : unlink.obj (.text)
                  2000bb48    0000002a     driverlib.a : timer.obj (.text:TimerLoadSet)
                  2000bb72    0000002a                 : timer.obj (.text:TimerPrescaleSet)
                  2000bb9c    00000028                 : prcm.obj (.text:PRCMPeripheralClkDisable)
                  2000bbc4    00000028     rtsv7M4_T_le_eabi.lib : lseek.obj (.text)
                  2000bbec    00000028                           : write.obj (.text)
                  2000bc14    00000024     driverlib.a : interrupt.obj (.text:IntUnregister)
                  2000bc38    00000024                 : uart.obj (.text:UARTEnable)
                  2000bc5c    00000024     rtsv7M4_T_le_eabi.lib : memmov.obj (.text)
                  2000bc80    00000024                           : u_tofs_t2.obj (.text)
                  2000bca4    00000022     driverlib.a : spi.obj (.text:SPIReset)
                  2000bcc6    00000020                 : gpio.obj (.text:GPIOPinWrite)
                  2000bce6    00000002     --HOLE-- [fill = 0]
                  2000bce8    00000020                 : interrupt.obj (.text:IntRegister)
                  2000bd08    00000020     rtsv7M4_T_le_eabi.lib : memchr.obj (.text)
                  2000bd28    0000001e     driverlib.a : gpio.obj (.text:GPIOIntRegister)
                  2000bd46    0000001e                 : timer.obj (.text:TimerDisable)
                  2000bd64    0000001e                 : timer.obj (.text:TimerEnable)
                  2000bd82    0000001e                 : timer.obj (.text:TimerIntStatus)
                  2000bda0    0000001e                 : uart.obj (.text:UARTCharPut)
                  2000bdbe    0000001c                 : timer.obj (.text:TimerValueGet)
                  2000bdda    0000001c                 : uart.obj (.text:UARTCharGetNonBlocking)
                  2000bdf6    0000001c     rtsv7M4_T_le_eabi.lib : memccpy.obj (.text)
                  2000be12    0000001a     driverlib.a : gpio.obj (.text:GPIOIntEnable)
                  2000be2c    0000001a                 : pin.obj (.text:PinTypeSPI)
                  2000be46    0000001a                 : pin.obj (.text:PinTypeUART)
                  2000be60    00000018                 : gpio.obj (.text:GPIOPinRead)
                  2000be78    00000018                 : spi.obj (.text:SPIEnable)
                  2000be90    00000018                 : timer.obj (.text:TimerIntDisable)
                  2000bea8    00000018                 : timer.obj (.text:TimerIntEnable)
                  2000bec0    00000018                 : uart.obj (.text:UARTCharsAvail)
                  2000bed8    00000018     rtsv7M4_T_le_eabi.lib : args_main.obj (.text)
                  2000bef0    00000018                           : strcmp.obj (.text)
                  2000bf08    00000016     driverlib.a : prcm.obj (.text:PRCMHIBRegRead)
                  2000bf1e    00000016                 : prcm.obj (.text:PRCMHIBRegWrite)
                  2000bf34    00000016     rtsv7M4_T_le_eabi.lib : strchr.obj (.text)
                  2000bf4a    00000014     driverlib.a : cpu.obj (.text:CPUcpsie)
                  2000bf5e    00000014                 : gpio.obj (.text:GPIOIntClear)
                  2000bf72    00000002     --HOLE-- [fill = 0]
                  2000bf74    00000014                 : interrupt.obj (.text:IntVTableBaseSet)
                  2000bf88    00000014     rtsv7M4_T_le_eabi.lib : _lock.obj (.text)
                  2000bf9c    00000014                           : strcpy.obj (.text)
                  2000bfb0    00000014                           : strlen.obj (.text)
                  2000bfc4    00000012     driverlib.a : timer.obj (.text:TimerIntClear)
                  2000bfd6    0000000e     rtsv7M4_T_le_eabi.lib : copy_decompress_none.obj (.text:decompress:none)
                  2000bfe4    0000000e     startup_ccs.obj (.text)
                  2000bff2    0000000c     rtsv7M4_T_le_eabi.lib : copy_zero_init.obj (.text:decompress:ZI)
                  2000bffe    0000000a     driverlib.a : interrupt.obj (.text:IntMasterEnable)
                  2000c008    00000008     rtsv7M4_T_le_eabi.lib : s_copysign.obj (.text)
                  2000c010    00000006     driverlib.a : utils.obj (.text:UtilsDelay)
                  2000c016    00000004     rtsv7M4_T_le_eabi.lib : pre_init.obj (.text)

.const     0    2000c020    00000558     
                  2000c020    00000158     rtsv7M4_T_le_eabi.lib : k_rem_pio2.obj (.const:$O1$$)
                  2000c178    00000101                           : ctype.obj (.const:.string:_ctypes_)
                  2000c279    00000003     --HOLE-- [fill = 0]
                  2000c27c    00000100     driverlib.a : pin.obj (.const:g_ulPinToPadMap)
                  2000c37c    000000d4                 : interrupt.obj (.const:g_pulRegs)
                  2000c450    000000a8                 : prcm.obj (.const:PRCM_PeriphRegsList)
                  2000c4f8    00000080                 : interrupt.obj (.const)

.cinit     0    2000c578    000000b0     
                  2000c578    00000089     (.cinit..data.load) [load image, compression = lzss]
                  2000c601    00000003     --HOLE-- [fill = 0]
                  2000c604    0000000c     (__TI_handler_table)
                  2000c610    00000008     (.cinit..bss.load) [load image, compression = zero_init]
                  2000c618    00000010     (__TI_cinit_table)

.sysmem    0    20017000    00008000     UNINITIALIZED
                  20017000    00000008     rtsv7M4_T_le_eabi.lib : memory.obj (.sysmem)
                  20017008    00007ff8     --HOLE--

.bss       0    2001f000    000011d5     UNINITIALIZED
                  2001f000    00001000     main.obj (.bss:buf)
                  20020000    00000120     rtsv7M4_T_le_eabi.lib : trgmsg.obj (.bss:_CIOBUF_)
                  20020120    000000a0     (.common:__TI_tmpnams)
                  200201c0    00000008     (.common:parmbuf)
                  200201c8    00000004     main.obj (.bss:g_ucRxBuff2)
                  200201cc    00000004     uart_if.obj (.bss)
                  200201d0    00000002     (.common:rxBuff)
                  200201d2    00000001     (.common:g_ucLED1Pin)
                  200201d3    00000001     (.common:g_ucLED2Pin)
                  200201d4    00000001     (.common:g_ucLED3Pin)

.data      0    200201d8    0000021b     UNINITIALIZED
                  200201d8    000000f0     rtsv7M4_T_le_eabi.lib : defs.obj (.data:_ftable)
                  200202c8    00000078                           : write.obj (.data:_device)
                  20020340    00000050                           : write.obj (.data:_stream)
                  20020390    00000014     gpio_if.obj (.data:ulReg)
                  200203a4    00000010     rtsv7M4_T_le_eabi.lib : defs.obj (.data)
                  200203b4    0000000c                           : exit.obj (.data:$O1$$)
                  200203c0    0000000c                           : memory.obj (.data:$O1$$)
                  200203cc    0000000c     gpio_if.obj (.data)
                  200203d8    00000008     rtsv7M4_T_le_eabi.lib : _lock.obj (.data:$O1$$)
                  200203e0    00000004                           : errno.obj (.data)
                  200203e4    00000004                           : fopen.obj (.data)
                  200203e8    00000004                           : open.obj (.data)
                  200203ec    00000004                           : stkdepth_vars.obj (.data)
                  200203f0    00000003     main.obj (.data)

.stack     0    20028000    00008000     UNINITIALIZED
                  20028000    00008000     --HOLE--

MODULE SUMMARY

       Module                     code    ro data   rw data
       ------                     ----    -------   -------
    .\
       main.obj                   1500    0         4105   
       kiss_fft.obj               3880    0         0      
       kiss_fftr.obj              1328    0         0      
       startup_ccs.obj            14      1024      0      
       gpio_if.obj                920     0         35     
       uart_if.obj                640     0         4      
       timer_if.obj               408     0         0      
       pinmux.obj                 360     0         0      
    +--+--------------------------+-------+---------+---------+
       Total:                     9050    1024      4144   
                                                           
    D:/TI/CC3200SDK_1.3.0/cc3200-sdk/driverlib/ccs/Release/driverlib.a
       prcm.obj                   800     168       0      
       spi.obj                    952     0         0      
       interrupt.obj              520     340       0      
       pin.obj                    300     256       0      
       timer.obj                  552     0         0      
       gpio.obj                   388     0         0      
       uart.obj                   284     0         0      
       cpu.obj                    20      0         0      
       utils.obj                  6       0         0      
    +--+--------------------------+-------+---------+---------+
       Total:                     3822    764       0      
                                                           
    D:\TI\ti\ccsv7\tools\compiler\ti-cgt-arm_16.9.4.LTS\lib\rtsv7M4_T_le_eabi.lib
       _printfi.obj               4386    0         0      
       k_rem_pio2.obj             1796    344       0      
       s_cos.obj                  1472    0         0      
       s_sin.obj                  1472    0         0      
       memory.obj                 976     0         12     
       ull_div_t2.obj             500     0         0      
       fopen.obj                  452     0         4      
       fd_add_t2.obj              438     0         0      
       defs.obj                   0       0         416    
       trgmsg.obj                 104     0         288    
       e_sqrt.obj                 368     0         0      
       k_sin.obj                  360     0         0      
       k_cos.obj                  352     0         0      
       fd_div_t2.obj              310     0         0      
       fputs.obj                  308     0         0      
       fd_cmp_t2.obj              268     0         0      
       ctype.obj                  0       257       0      
       fd_mul_t2.obj              252     0         0      
       fs_add_t2.obj              250     0         0      
       s_floor.obj                244     0         0      
       write.obj                  40      0         200    
       setvbuf.obj                220     0         0      
       s_scalbn.obj               208     0         0      
       fflush.obj                 200     0         0      
       open.obj                   188     0         4      
       _io_perm.obj               172     0         0      
       memcpy_t2.obj              156     0         0      
       fclose.obj                 152     0         0      
       fputc.obj                  152     0         0      
       fs_div_t2.obj              146     0         0      
       vsnprintf.obj              136     0         0      
       fs_mul_t2.obj              122     0         0      
       memset_t2.obj              122     0         0      
       autoinit.obj               112     0         0      
       getdevice.obj              112     0         0      
       fd_tos_t2.obj              110     0         0      
       fprintf.obj                108     0         0      
       hostrename.obj             108     0         0      
       copy_decompress_lzss.obj   104     0         0      
       hostlseek.obj              104     0         0      
       hostopen.obj               96      0         8      
       fseek.obj                  100     0         0      
       exit.obj                   84      0         12     
       close.obj                  92      0         0      
       s_frexp.obj                92      0         0      
       hostread.obj               88      0         0      
       hostwrite.obj              88      0         0      
       ltoa.obj                   84      0         0      
       atoi.obj                   76      0         0      
       cpy_tbl.obj                76      0         0      
       fd_toi_t2.obj              72      0         0      
       hostclose.obj              68      0         0      
       hostunlink.obj             68      0         0      
       boot.obj                   64      0         0      
       fs_tod_t2.obj              56      0         0      
       fs_toi_t2.obj              56      0         0      
       i_tofs_t2.obj              56      0         0      
       strncpy.obj                54      0         0      
       i_tofd_t2.obj              46      0         0      
       unlink.obj                 44      0         0      
       lseek.obj                  40      0         0      
       memmov.obj                 36      0         0      
       u_tofs_t2.obj              36      0         0      
       memchr.obj                 32      0         0      
       _lock.obj                  20      0         8      
       memccpy.obj                28      0         0      
       args_main.obj              24      0         0      
       strcmp.obj                 24      0         0      
       strchr.obj                 22      0         0      
       strcpy.obj                 20      0         0      
       strlen.obj                 20      0         0      
       copy_decompress_none.obj   14      0         0      
       copy_zero_init.obj         12      0         0      
       s_copysign.obj             8       0         0      
       errno.obj                  0       0         4      
       pre_init.obj               4       0         0      
       stkdepth_vars.obj          0       0         4      
       mpu_init.obj               2       0         0      
       startup.obj                2       0         0      
    +--+--------------------------+-------+---------+---------+
       Total:                     18884   601       960    
                                                           
       Heap:                      0       0         32768  
       Stack:                     0       0         32768  
       Linker Generated:          0       173       0      
    +--+--------------------------+-------+---------+---------+
       Grand Total:               31756   2562      70640  


LINKER GENERATED COPY TABLES

__TI_cinit_table @ 2000c618 records: 2, size/record: 8, table size: 16
	.data: load addr=2000c578, load size=00000089 bytes, run addr=200201d8, run size=0000021b bytes, compression=lzss
	.bss: load addr=2000c610, load size=00000008 bytes, run addr=2001f000, run size=000011d5 bytes, compression=zero_init


LINKER GENERATED HANDLER TABLE

__TI_handler_table @ 2000c604 records: 3, size/record: 4, table size: 12
	index: 0, handler: __TI_decompress_lzss
	index: 1, handler: __TI_decompress_none
	index: 2, handler: __TI_zero_init


GLOBAL SYMBOLS: SORTED ALPHABETICALLY BY Name 

address   name                           
-------   ----                           
2000b5f5  C$$EXIT                        
2000b2e3  C$$IO$$                        
2000bf4b  CPUcpsie                       
20008985  ClearTerm                      
2000898f  Error                          
2000b9f5  GPIODirModeSet                 
2000bf5f  GPIOIntClear                   
2000be13  GPIOIntEnable                  
2000bd29  GPIOIntRegister                
2000acf9  GPIOIntTypeSet                 
2000be61  GPIOPinRead                    
2000bcc7  GPIOPinWrite                   
2000886d  GPIO_IF_ConfigureNIntEnable    
200088f9  GPIO_IF_Get                    
20008827  GPIO_IF_GetPortNPin            
200085e9  GPIO_IF_LedConfigure           
200086db  GPIO_IF_LedOff                 
20008627  GPIO_IF_LedOn                  
2000878f  GPIO_IF_LedStatus              
200087f9  GPIO_IF_LedToggle              
200088b5  GPIO_IF_Set                    
200089c7  GetCmd                         
2000b809  HOSTclose                      
2000b24d  HOSTlseek                      
2000b381  HOSTopen                       
2000b4f1  HOSTread                       
2000b111  HOSTrename                     
2000b84d  HOSTunlink                     
2000b549  HOSTwrite                      
20008945  InitTerm                       
2000a571  IntDisable                     
2000a619  IntEnable                      
2000bfff  IntMasterEnable                
2000b5a1  IntPrioritySet                 
2000bce9  IntRegister                    
2000bc15  IntUnregister                  
2000bf75  IntVTableBaseSet               
20008963  Message                        
200092cd  PRCMCC3200MCUInit              
2000bf09  PRCMHIBRegRead                 
2000bf1f  PRCMHIBRegWrite                
2000bb9d  PRCMPeripheralClkDisable       
2000b911  PRCMPeripheralClkEnable        
2000a92d  PRCMPeripheralClockGet         
2000b499  PRCMPeripheralReset            
2000baf1  PRCMSysResetCauseGet           
2000aa55  PinConfigSet                   
2000b891  PinModeSet                     
200095b5  PinMuxConfig                   
2000ba61  PinTypeGPIO                    
2000be2d  PinTypeSPI                     
2000be47  PinTypeUART                    
20008b05  Report                         
2000bfe5  ResetISR                       
UNDEFED   SHT$$INIT_ARRAY$$Base          
UNDEFED   SHT$$INIT_ARRAY$$Limit         
2000a6c1  SPIConfigSetExpClk             
2000be79  SPIEnable                      
20006fa5  SPIInit                        
2000bca5  SPIReset                       
2000aadd  SPITransfer                    
2000b7c5  TimerConfigure                 
2000bd47  TimerDisable                   
2000bd65  TimerEnable                    
2000bfc5  TimerIntClear                  
2000be91  TimerIntDisable                
2000bea9  TimerIntEnable                 
20006b51  TimerIntHandler                
2000aee5  TimerIntRegister               
2000bd83  TimerIntStatus                 
2000b17d  TimerIntUnregister             
2000bb49  TimerLoadSet                   
2000bb73  TimerPrescaleSet               
2000bdbf  TimerValueGet                  
2000927b  Timer_IF_DeInit                
200092ad  Timer_IF_GetCount              
200091b5  Timer_IF_Init                  
200091e7  Timer_IF_IntSetup              
20009233  Timer_IF_InterruptClear        
20009295  Timer_IF_ReLoad                
2000924b  Timer_IF_Start                 
2000926b  Timer_IF_Stop                  
20008a6d  TrimSpace                      
2000bddb  UARTCharGetNonBlocking         
2000bda1  UARTCharPut                    
2000bec1  UARTCharsAvail                 
2000ae6f  UARTConfigSetExpClk            
2000ba91  UARTDisable                    
2000bc39  UARTEnable                     
2000c011  UtilsDelay                     
20020000  __CIOBUF_                      
20030000  __STACK_END                    
00008000  __STACK_SIZE                   
00008000  __SYSMEM_SIZE                  
2000c618  __TI_CINIT_Base                
2000c628  __TI_CINIT_Limit               
2000c604  __TI_Handler_Table_Base        
2000c610  __TI_Handler_Table_Limit       
2000af55  __TI_auto_init                 
20008e81  __TI_cleanup                   
200203b4  __TI_cleanup_ptr               
2000a7fd  __TI_closefile                 
2000b1e5  __TI_decompress_lzss           
2000bfd7  __TI_decompress_none           
2000a289  __TI_doflush                   
200203b8  __TI_dtors_ptr                 
200203bc  __TI_enable_exit_profile_output
200203a4  __TI_ft_end                    
ffffffff  __TI_pprof_out_hndl            
20004c39  __TI_printfi                   
ffffffff  __TI_prof_data_size            
ffffffff  __TI_prof_data_start           
2000a527  __TI_rd_ok                     
2000b2e7  __TI_readmsg                   
2000c578  __TI_static_base__             
20020120  __TI_tmpnams                   
2000b2b5  __TI_writemsg                  
2000a4c5  __TI_wrt_ok                    
2000bff3  __TI_zero_init                 
2000abed  __aeabi_cdcmpeq                
2000abed  __aeabi_cdcmple                
2000ac73  __aeabi_cdrcmple               
2000b035  __aeabi_d2f                    
2000b77d  __aeabi_d2iz                   
20008f87  __aeabi_dadd                   
200099e5  __aeabi_ddiv                   
20009c51  __aeabi_dmul                   
20008f7d  __aeabi_dsub                   
2000b94d  __aeabi_f2d                    
2000b985  __aeabi_f2iz                   
20009d51  __aeabi_fadd                   
2000a9c1  __aeabi_fdiv                   
2000ad7b  __aeabi_fmul                   
20009d4d  __aeabi_fsub                   
2000bac1  __aeabi_i2d                    
2000b9bd  __aeabi_i2f                    
2000adf5  __aeabi_memclr                 
2000adf5  __aeabi_memclr4                
2000adf5  __aeabi_memclr8                
2000a761  __aeabi_memcpy                 
2000a761  __aeabi_memcpy4                
2000a761  __aeabi_memcpy8                
2000adf7  __aeabi_memset                 
2000adf7  __aeabi_memset4                
2000adf7  __aeabi_memset8                
200203b0  __aeabi_stderr                 
200203a8  __aeabi_stdin                  
200203ac  __aeabi_stdout                 
2000bc81  __aeabi_ui2f                   
20008bc5  __aeabi_uldivmod               
ffffffff  __binit__                      
ffffffff  __c_args__                     
20009885  __kernel_cos                   
2000644d  __kernel_rem_pio2              
2000971d  __kernel_sin                   
20009133  __mpu_init                     
20028000  __stack                        
2000bed9  _args_main                     
2000b8d1  _c_int00                       
2000c178  _ctypes_                       
200202c8  _device                        
200201d8  _ftable                        
200203d8  _lock                          
2000bf97  _nop                           
2000bf8f  _register_lock                 
2000bf89  _register_unlock               
20020340  _stream                        
20017000  _sys_memory                    
20009b1b  _system_post_cinit             
2000c017  _system_pre_init               
200203dc  _unlock                        
2000b5f9  abort                          
2000b69d  atoi                           
ffffffff  binit                          
2000857d  calloc                         
2000b3e1  close                          
20006d65  computeHeartRate               
2000b6e9  copy_in                        
2000c009  copysign                       
2000c009  copysignl                      
2000712d  cos                            
2000712d  cosl                           
20006bd1  discreteToFreqDomain           
200203e0  errno                          
2000b601  exit                           
2000a863  fclose                         
2000a2d5  fflush                         
2000afc5  finddevice                     
20009e49  floor                          
20009e49  floorl                         
20008ed7  fopen                          
2000b0ad  fprintf                        
2000a895  fputc                          
20009b1d  fputs                          
200082c7  free                           
20008ead  freopen                        
2000b43d  frexp                          
2000b43d  frexpl                         
2000b31d  fseek                          
20004000  g_pfnVectors                   
200201d2  g_ucLED1Pin                    
200201d3  g_ucLED2Pin                    
200201d4  g_ucLED3Pin                    
200203cc  g_uiLED1Port                   
200203d0  g_uiLED2Port                   
200203d4  g_uiLED3Port                   
20006ce1  getMaxFreq                     
20006c83  getMaxIdx                      
2000afef  getdevice                      
200063af  kiss_fft                       
20006235  kiss_fft_alloc                 
200063c5  kiss_fft_cleanup               
200063c7  kiss_fft_next_fast_size        
20006347  kiss_fft_stride                
20007e17  kiss_fftr                      
20007cad  kiss_fftr_alloc                
20007ff9  kiss_fftri                     
2000a0e9  ldexp                          
2000a0e9  ldexpl                         
2000bbc5  lseek                          
2000b649  ltoa                           
20006c29  magnitude                      
20006fed  main                           
200203ec  main_func_sp                   
2000825d  malloc                         
20008491  memalign                       
2000bdf7  memccpy                        
2000bd09  memchr                         
2000a761  memcpy                         
2000bc5d  memmove                        
2000adfd  memset                         
200081dd  minit                          
2000a351  open                           
200201c0  parmbuf                        
2000a895  putc                           
2000a919  putchar                        
20009c29  puts                           
20008389  realloc                        
2000bb1d  remove                         
20006f31  runMotor                       
200201d0  rxBuff                         
2000a0e9  scalbn                         
2000a0e9  scalbnl                        
20006ecf  sequence                       
20009f3d  setvbuf                        
200076ed  sin                            
200076ed  sinl                           
20009445  sqrt                           
20009445  sqrtl                          
2000bf35  strchr                         
2000bef1  strcmp                         
2000bf9d  strcpy                         
2000bfb1  strlen                         
2000ba2b  strncpy                        
2000bb1d  unlink                         
2000ab65  vsnprintf                      
2000bbed  write                          


GLOBAL SYMBOLS: SORTED BY Symbol Address 

address   name                           
-------   ----                           
00008000  __STACK_SIZE                   
00008000  __SYSMEM_SIZE                  
20004000  g_pfnVectors                   
20004c39  __TI_printfi                   
20006235  kiss_fft_alloc                 
20006347  kiss_fft_stride                
200063af  kiss_fft                       
200063c5  kiss_fft_cleanup               
200063c7  kiss_fft_next_fast_size        
2000644d  __kernel_rem_pio2              
20006b51  TimerIntHandler                
20006bd1  discreteToFreqDomain           
20006c29  magnitude                      
20006c83  getMaxIdx                      
20006ce1  getMaxFreq                     
20006d65  computeHeartRate               
20006ecf  sequence                       
20006f31  runMotor                       
20006fa5  SPIInit                        
20006fed  main                           
2000712d  cos                            
2000712d  cosl                           
200076ed  sin                            
200076ed  sinl                           
20007cad  kiss_fftr_alloc                
20007e17  kiss_fftr                      
20007ff9  kiss_fftri                     
200081dd  minit                          
2000825d  malloc                         
200082c7  free                           
20008389  realloc                        
20008491  memalign                       
2000857d  calloc                         
200085e9  GPIO_IF_LedConfigure           
20008627  GPIO_IF_LedOn                  
200086db  GPIO_IF_LedOff                 
2000878f  GPIO_IF_LedStatus              
200087f9  GPIO_IF_LedToggle              
20008827  GPIO_IF_GetPortNPin            
2000886d  GPIO_IF_ConfigureNIntEnable    
200088b5  GPIO_IF_Set                    
200088f9  GPIO_IF_Get                    
20008945  InitTerm                       
20008963  Message                        
20008985  ClearTerm                      
2000898f  Error                          
200089c7  GetCmd                         
20008a6d  TrimSpace                      
20008b05  Report                         
20008bc5  __aeabi_uldivmod               
20008e81  __TI_cleanup                   
20008ead  freopen                        
20008ed7  fopen                          
20008f7d  __aeabi_dsub                   
20008f87  __aeabi_dadd                   
20009133  __mpu_init                     
200091b5  Timer_IF_Init                  
200091e7  Timer_IF_IntSetup              
20009233  Timer_IF_InterruptClear        
2000924b  Timer_IF_Start                 
2000926b  Timer_IF_Stop                  
2000927b  Timer_IF_DeInit                
20009295  Timer_IF_ReLoad                
200092ad  Timer_IF_GetCount              
200092cd  PRCMCC3200MCUInit              
20009445  sqrt                           
20009445  sqrtl                          
200095b5  PinMuxConfig                   
2000971d  __kernel_sin                   
20009885  __kernel_cos                   
200099e5  __aeabi_ddiv                   
20009b1b  _system_post_cinit             
20009b1d  fputs                          
20009c29  puts                           
20009c51  __aeabi_dmul                   
20009d4d  __aeabi_fsub                   
20009d51  __aeabi_fadd                   
20009e49  floor                          
20009e49  floorl                         
20009f3d  setvbuf                        
2000a0e9  ldexp                          
2000a0e9  ldexpl                         
2000a0e9  scalbn                         
2000a0e9  scalbnl                        
2000a289  __TI_doflush                   
2000a2d5  fflush                         
2000a351  open                           
2000a4c5  __TI_wrt_ok                    
2000a527  __TI_rd_ok                     
2000a571  IntDisable                     
2000a619  IntEnable                      
2000a6c1  SPIConfigSetExpClk             
2000a761  __aeabi_memcpy                 
2000a761  __aeabi_memcpy4                
2000a761  __aeabi_memcpy8                
2000a761  memcpy                         
2000a7fd  __TI_closefile                 
2000a863  fclose                         
2000a895  fputc                          
2000a895  putc                           
2000a919  putchar                        
2000a92d  PRCMPeripheralClockGet         
2000a9c1  __aeabi_fdiv                   
2000aa55  PinConfigSet                   
2000aadd  SPITransfer                    
2000ab65  vsnprintf                      
2000abed  __aeabi_cdcmpeq                
2000abed  __aeabi_cdcmple                
2000ac73  __aeabi_cdrcmple               
2000acf9  GPIOIntTypeSet                 
2000ad7b  __aeabi_fmul                   
2000adf5  __aeabi_memclr                 
2000adf5  __aeabi_memclr4                
2000adf5  __aeabi_memclr8                
2000adf7  __aeabi_memset                 
2000adf7  __aeabi_memset4                
2000adf7  __aeabi_memset8                
2000adfd  memset                         
2000ae6f  UARTConfigSetExpClk            
2000aee5  TimerIntRegister               
2000af55  __TI_auto_init                 
2000afc5  finddevice                     
2000afef  getdevice                      
2000b035  __aeabi_d2f                    
2000b0ad  fprintf                        
2000b111  HOSTrename                     
2000b17d  TimerIntUnregister             
2000b1e5  __TI_decompress_lzss           
2000b24d  HOSTlseek                      
2000b2b5  __TI_writemsg                  
2000b2e3  C$$IO$$                        
2000b2e7  __TI_readmsg                   
2000b31d  fseek                          
2000b381  HOSTopen                       
2000b3e1  close                          
2000b43d  frexp                          
2000b43d  frexpl                         
2000b499  PRCMPeripheralReset            
2000b4f1  HOSTread                       
2000b549  HOSTwrite                      
2000b5a1  IntPrioritySet                 
2000b5f5  C$$EXIT                        
2000b5f9  abort                          
2000b601  exit                           
2000b649  ltoa                           
2000b69d  atoi                           
2000b6e9  copy_in                        
2000b77d  __aeabi_d2iz                   
2000b7c5  TimerConfigure                 
2000b809  HOSTclose                      
2000b84d  HOSTunlink                     
2000b891  PinModeSet                     
2000b8d1  _c_int00                       
2000b911  PRCMPeripheralClkEnable        
2000b94d  __aeabi_f2d                    
2000b985  __aeabi_f2iz                   
2000b9bd  __aeabi_i2f                    
2000b9f5  GPIODirModeSet                 
2000ba2b  strncpy                        
2000ba61  PinTypeGPIO                    
2000ba91  UARTDisable                    
2000bac1  __aeabi_i2d                    
2000baf1  PRCMSysResetCauseGet           
2000bb1d  remove                         
2000bb1d  unlink                         
2000bb49  TimerLoadSet                   
2000bb73  TimerPrescaleSet               
2000bb9d  PRCMPeripheralClkDisable       
2000bbc5  lseek                          
2000bbed  write                          
2000bc15  IntUnregister                  
2000bc39  UARTEnable                     
2000bc5d  memmove                        
2000bc81  __aeabi_ui2f                   
2000bca5  SPIReset                       
2000bcc7  GPIOPinWrite                   
2000bce9  IntRegister                    
2000bd09  memchr                         
2000bd29  GPIOIntRegister                
2000bd47  TimerDisable                   
2000bd65  TimerEnable                    
2000bd83  TimerIntStatus                 
2000bda1  UARTCharPut                    
2000bdbf  TimerValueGet                  
2000bddb  UARTCharGetNonBlocking         
2000bdf7  memccpy                        
2000be13  GPIOIntEnable                  
2000be2d  PinTypeSPI                     
2000be47  PinTypeUART                    
2000be61  GPIOPinRead                    
2000be79  SPIEnable                      
2000be91  TimerIntDisable                
2000bea9  TimerIntEnable                 
2000bec1  UARTCharsAvail                 
2000bed9  _args_main                     
2000bef1  strcmp                         
2000bf09  PRCMHIBRegRead                 
2000bf1f  PRCMHIBRegWrite                
2000bf35  strchr                         
2000bf4b  CPUcpsie                       
2000bf5f  GPIOIntClear                   
2000bf75  IntVTableBaseSet               
2000bf89  _register_unlock               
2000bf8f  _register_lock                 
2000bf97  _nop                           
2000bf9d  strcpy                         
2000bfb1  strlen                         
2000bfc5  TimerIntClear                  
2000bfd7  __TI_decompress_none           
2000bfe5  ResetISR                       
2000bff3  __TI_zero_init                 
2000bfff  IntMasterEnable                
2000c009  copysign                       
2000c009  copysignl                      
2000c011  UtilsDelay                     
2000c017  _system_pre_init               
2000c178  _ctypes_                       
2000c578  __TI_static_base__             
2000c604  __TI_Handler_Table_Base        
2000c610  __TI_Handler_Table_Limit       
2000c618  __TI_CINIT_Base                
2000c628  __TI_CINIT_Limit               
20017000  _sys_memory                    
20020000  __CIOBUF_                      
20020120  __TI_tmpnams                   
200201c0  parmbuf                        
200201d0  rxBuff                         
200201d2  g_ucLED1Pin                    
200201d3  g_ucLED2Pin                    
200201d4  g_ucLED3Pin                    
200201d8  _ftable                        
200202c8  _device                        
20020340  _stream                        
200203a4  __TI_ft_end                    
200203a8  __aeabi_stdin                  
200203ac  __aeabi_stdout                 
200203b0  __aeabi_stderr                 
200203b4  __TI_cleanup_ptr               
200203b8  __TI_dtors_ptr                 
200203bc  __TI_enable_exit_profile_output
200203cc  g_uiLED1Port                   
200203d0  g_uiLED2Port                   
200203d4  g_uiLED3Port                   
200203d8  _lock                          
200203dc  _unlock                        
200203e0  errno                          
200203ec  main_func_sp                   
20028000  __stack                        
20030000  __STACK_END                    
ffffffff  __TI_pprof_out_hndl            
ffffffff  __TI_prof_data_size            
ffffffff  __TI_prof_data_start           
ffffffff  __binit__                      
ffffffff  __c_args__                     
ffffffff  binit                          
UNDEFED   SHT$$INIT_ARRAY$$Base          
UNDEFED   SHT$$INIT_ARRAY$$Limit         

[257 symbols]
